<!doctype html public "-//w3c//dtd html 4.0 transitional//en">
<html><head>
<title>Static Call Graph - [.\obj\Ping-Pong.axf]</title></head>
<body><HR>
<H1>Static Call Graph for image .\obj\Ping-Pong.axf</H1><HR>
<BR><P>#&#060CALLGRAPH&#062# ARM Linker, 5050106: Last Updated: Sun May 24 12:14:32 2015
<BR><P>
<H3>Maximum Stack Usage =        248 bytes + Unknown(Cycles, Untraceable Function Pointers)</H3><H3>
Call chain for Maximum Stack Depth:</H3>
SX1272GetTimeOnAir &rArr; round &rArr; __aeabi_dsub &rArr; __aeabi_dadd &rArr; _double_epilogue &rArr; _double_round
<P>
<H3>
Mutually Recursive functions
</H3> <LI><a href="#[6]">SVC_Handler</a>&nbsp;&nbsp;&nbsp;&rArr;&nbsp;&nbsp;&nbsp;<a href="#[6]">SVC_Handler</a><BR>
 <LI><a href="#[8]">PendSV_Handler</a>&nbsp;&nbsp;&nbsp;&rArr;&nbsp;&nbsp;&nbsp;<a href="#[8]">PendSV_Handler</a><BR>
 <LI><a href="#[9]">SysTick_Handler</a>&nbsp;&nbsp;&nbsp;&rArr;&nbsp;&nbsp;&nbsp;<a href="#[9]">SysTick_Handler</a><BR>
 <LI><a href="#[1c]">ADC1_IRQHandler</a>&nbsp;&nbsp;&nbsp;&rArr;&nbsp;&nbsp;&nbsp;<a href="#[1c]">ADC1_IRQHandler</a><BR>
</UL>
<P>
<H3>
Function Pointers
</H3><UL>
 <LI><a href="#[1c]">ADC1_IRQHandler</a> from startup_stm32l1xx_md.o(.text) referenced from startup_stm32l1xx_md.o(RESET)
 <LI><a href="#[4]">BusFault_Handler</a> from sysirqhandlers.o(i.BusFault_Handler) referenced from startup_stm32l1xx_md.o(RESET)
 <LI><a href="#[20]">COMP_IRQHandler</a> from startup_stm32l1xx_md.o(.text) referenced from startup_stm32l1xx_md.o(RESET)
 <LI><a href="#[1f]">DAC_IRQHandler</a> from startup_stm32l1xx_md.o(.text) referenced from startup_stm32l1xx_md.o(RESET)
 <LI><a href="#[15]">DMA1_Channel1_IRQHandler</a> from startup_stm32l1xx_md.o(.text) referenced from startup_stm32l1xx_md.o(RESET)
 <LI><a href="#[16]">DMA1_Channel2_IRQHandler</a> from startup_stm32l1xx_md.o(.text) referenced from startup_stm32l1xx_md.o(RESET)
 <LI><a href="#[17]">DMA1_Channel3_IRQHandler</a> from startup_stm32l1xx_md.o(.text) referenced from startup_stm32l1xx_md.o(RESET)
 <LI><a href="#[18]">DMA1_Channel4_IRQHandler</a> from startup_stm32l1xx_md.o(.text) referenced from startup_stm32l1xx_md.o(RESET)
 <LI><a href="#[19]">DMA1_Channel5_IRQHandler</a> from startup_stm32l1xx_md.o(.text) referenced from startup_stm32l1xx_md.o(RESET)
 <LI><a href="#[1a]">DMA1_Channel6_IRQHandler</a> from startup_stm32l1xx_md.o(.text) referenced from startup_stm32l1xx_md.o(RESET)
 <LI><a href="#[1b]">DMA1_Channel7_IRQHandler</a> from startup_stm32l1xx_md.o(.text) referenced from startup_stm32l1xx_md.o(RESET)
 <LI><a href="#[7]">DebugMon_Handler</a> from sysirqhandlers.o(i.DebugMon_Handler) referenced from startup_stm32l1xx_md.o(RESET)
 <LI><a href="#[10]">EXTI0_IRQHandler</a> from gpio-board.o(i.EXTI0_IRQHandler) referenced from startup_stm32l1xx_md.o(RESET)
 <LI><a href="#[32]">EXTI15_10_IRQHandler</a> from gpio-board.o(i.EXTI15_10_IRQHandler) referenced from startup_stm32l1xx_md.o(RESET)
 <LI><a href="#[11]">EXTI1_IRQHandler</a> from gpio-board.o(i.EXTI1_IRQHandler) referenced from startup_stm32l1xx_md.o(RESET)
 <LI><a href="#[12]">EXTI2_IRQHandler</a> from gpio-board.o(i.EXTI2_IRQHandler) referenced from startup_stm32l1xx_md.o(RESET)
 <LI><a href="#[13]">EXTI3_IRQHandler</a> from gpio-board.o(i.EXTI3_IRQHandler) referenced from startup_stm32l1xx_md.o(RESET)
 <LI><a href="#[14]">EXTI4_IRQHandler</a> from gpio-board.o(i.EXTI4_IRQHandler) referenced from startup_stm32l1xx_md.o(RESET)
 <LI><a href="#[21]">EXTI9_5_IRQHandler</a> from gpio-board.o(i.EXTI9_5_IRQHandler) referenced from startup_stm32l1xx_md.o(RESET)
 <LI><a href="#[e]">FLASH_IRQHandler</a> from startup_stm32l1xx_md.o(.text) referenced from startup_stm32l1xx_md.o(RESET)
 <LI><a href="#[2]">HardFault_Handler</a> from sysirqhandlers.o(i.HardFault_Handler) referenced from startup_stm32l1xx_md.o(RESET)
 <LI><a href="#[2a]">I2C1_ER_IRQHandler</a> from startup_stm32l1xx_md.o(.text) referenced from startup_stm32l1xx_md.o(RESET)
 <LI><a href="#[29]">I2C1_EV_IRQHandler</a> from startup_stm32l1xx_md.o(.text) referenced from startup_stm32l1xx_md.o(RESET)
 <LI><a href="#[2c]">I2C2_ER_IRQHandler</a> from startup_stm32l1xx_md.o(.text) referenced from startup_stm32l1xx_md.o(RESET)
 <LI><a href="#[2b]">I2C2_EV_IRQHandler</a> from startup_stm32l1xx_md.o(.text) referenced from startup_stm32l1xx_md.o(RESET)
 <LI><a href="#[22]">LCD_IRQHandler</a> from startup_stm32l1xx_md.o(.text) referenced from startup_stm32l1xx_md.o(RESET)
 <LI><a href="#[3]">MemManage_Handler</a> from sysirqhandlers.o(i.MemManage_Handler) referenced from startup_stm32l1xx_md.o(RESET)
 <LI><a href="#[1]">NMI_Handler</a> from sysirqhandlers.o(i.NMI_Handler) referenced from startup_stm32l1xx_md.o(RESET)
 <LI><a href="#[3c]">OnRxDone</a> from main.o(i.OnRxDone) referenced from main.o(i.main)
 <LI><a href="#[3f]">OnRxError</a> from main.o(i.OnRxError) referenced from main.o(i.main)
 <LI><a href="#[3e]">OnRxTimeout</a> from main.o(i.OnRxTimeout) referenced from main.o(i.main)
 <LI><a href="#[3b]">OnTxDone</a> from main.o(i.OnTxDone) referenced from main.o(i.main)
 <LI><a href="#[3d]">OnTxTimeout</a> from main.o(i.OnTxTimeout) referenced from main.o(i.main)
 <LI><a href="#[b]">PVD_IRQHandler</a> from startup_stm32l1xx_md.o(.text) referenced from startup_stm32l1xx_md.o(RESET)
 <LI><a href="#[8]">PendSV_Handler</a> from startup_stm32l1xx_md.o(.text) referenced from startup_stm32l1xx_md.o(RESET)
 <LI><a href="#[f]">RCC_IRQHandler</a> from startup_stm32l1xx_md.o(.text) referenced from startup_stm32l1xx_md.o(RESET)
 <LI><a href="#[33]">RTC_Alarm_IRQHandler</a> from rtc-board.o(i.RTC_Alarm_IRQHandler) referenced from startup_stm32l1xx_md.o(RESET)
 <LI><a href="#[d]">RTC_WKUP_IRQHandler</a> from startup_stm32l1xx_md.o(.text) referenced from startup_stm32l1xx_md.o(RESET)
 <LI><a href="#[0]">Reset_Handler</a> from startup_stm32l1xx_md.o(.text) referenced from startup_stm32l1xx_md.o(RESET)
 <LI><a href="#[2d]">SPI1_IRQHandler</a> from startup_stm32l1xx_md.o(.text) referenced from startup_stm32l1xx_md.o(RESET)
 <LI><a href="#[2e]">SPI2_IRQHandler</a> from startup_stm32l1xx_md.o(.text) referenced from startup_stm32l1xx_md.o(RESET)
 <LI><a href="#[6]">SVC_Handler</a> from startup_stm32l1xx_md.o(.text) referenced from startup_stm32l1xx_md.o(RESET)
 <LI><a href="#[47]">SX1272CheckRfFrequency</a> from sx1272-board.o(i.SX1272CheckRfFrequency) referenced from sx1272-board.o(.constdata)
 <LI><a href="#[41]">SX1272GetStatus</a> from sx1272.o(i.SX1272GetStatus) referenced from sx1272-board.o(.constdata)
 <LI><a href="#[48]">SX1272GetTimeOnAir</a> from sx1272.o(i.SX1272GetTimeOnAir) referenced from sx1272-board.o(.constdata)
 <LI><a href="#[40]">SX1272Init</a> from sx1272.o(i.SX1272Init) referenced from sx1272-board.o(.constdata)
 <LI><a href="#[43]">SX1272IsChannelFree</a> from sx1272.o(i.SX1272IsChannelFree) referenced from sx1272-board.o(.constdata)
 <LI><a href="#[52]">SX1272OnDio0Irq</a> from sx1272.o(i.SX1272OnDio0Irq) referenced from sx1272.o(.data)
 <LI><a href="#[53]">SX1272OnDio1Irq</a> from sx1272.o(i.SX1272OnDio1Irq) referenced from sx1272.o(.data)
 <LI><a href="#[54]">SX1272OnDio2Irq</a> from sx1272.o(i.SX1272OnDio2Irq) referenced from sx1272.o(.data)
 <LI><a href="#[55]">SX1272OnDio3Irq</a> from sx1272.o(i.SX1272OnDio3Irq) referenced from sx1272.o(.data)
 <LI><a href="#[56]">SX1272OnDio4Irq</a> from sx1272.o(i.SX1272OnDio4Irq) referenced from sx1272.o(.data)
 <LI><a href="#[3a]">SX1272OnTimeoutIrq</a> from sx1272.o(i.SX1272OnTimeoutIrq) referenced from sx1272.o(i.SX1272Init)
 <LI><a href="#[44]">SX1272Random</a> from sx1272.o(i.SX1272Random) referenced from sx1272-board.o(.constdata)
 <LI><a href="#[4f]">SX1272Read</a> from sx1272.o(i.SX1272Read) referenced from sx1272-board.o(.constdata)
 <LI><a href="#[51]">SX1272ReadBuffer</a> from sx1272.o(i.SX1272ReadBuffer) referenced from sx1272-board.o(.constdata)
 <LI><a href="#[4d]">SX1272ReadRssi</a> from sx1272.o(i.SX1272ReadRssi) referenced from sx1272-board.o(.constdata)
 <LI><a href="#[49]">SX1272Send</a> from sx1272.o(i.SX1272Send) referenced from sx1272-board.o(.constdata)
 <LI><a href="#[42]">SX1272SetChannel</a> from sx1272.o(i.SX1272SetChannel) referenced from sx1272-board.o(.constdata)
 <LI><a href="#[4c]">SX1272SetRx</a> from sx1272.o(i.SX1272SetRx) referenced from sx1272-board.o(.constdata)
 <LI><a href="#[45]">SX1272SetRxConfig</a> from sx1272.o(i.SX1272SetRxConfig) referenced from sx1272-board.o(.constdata)
 <LI><a href="#[4a]">SX1272SetSleep</a> from sx1272.o(i.SX1272SetSleep) referenced from sx1272-board.o(.constdata)
 <LI><a href="#[4b]">SX1272SetStby</a> from sx1272.o(i.SX1272SetStby) referenced from sx1272-board.o(.constdata)
 <LI><a href="#[46]">SX1272SetTxConfig</a> from sx1272.o(i.SX1272SetTxConfig) referenced from sx1272-board.o(.constdata)
 <LI><a href="#[4e]">SX1272Write</a> from sx1272.o(i.SX1272Write) referenced from sx1272-board.o(.constdata)
 <LI><a href="#[50]">SX1272WriteBuffer</a> from sx1272.o(i.SX1272WriteBuffer) referenced from sx1272-board.o(.constdata)
 <LI><a href="#[9]">SysTick_Handler</a> from startup_stm32l1xx_md.o(.text) referenced from startup_stm32l1xx_md.o(RESET)
 <LI><a href="#[38]">SystemInit</a> from system_stm32l1xx.o(i.SystemInit) referenced from startup_stm32l1xx_md.o(.text)
 <LI><a href="#[c]">TAMPER_STAMP_IRQHandler</a> from startup_stm32l1xx_md.o(.text) referenced from startup_stm32l1xx_md.o(RESET)
 <LI><a href="#[24]">TIM10_IRQHandler</a> from startup_stm32l1xx_md.o(.text) referenced from startup_stm32l1xx_md.o(RESET)
 <LI><a href="#[25]">TIM11_IRQHandler</a> from startup_stm32l1xx_md.o(.text) referenced from startup_stm32l1xx_md.o(RESET)
 <LI><a href="#[26]">TIM2_IRQHandler</a> from timer-board.o(i.TIM2_IRQHandler) referenced from startup_stm32l1xx_md.o(RESET)
 <LI><a href="#[27]">TIM3_IRQHandler</a> from startup_stm32l1xx_md.o(.text) referenced from startup_stm32l1xx_md.o(RESET)
 <LI><a href="#[28]">TIM4_IRQHandler</a> from startup_stm32l1xx_md.o(.text) referenced from startup_stm32l1xx_md.o(RESET)
 <LI><a href="#[35]">TIM6_IRQHandler</a> from startup_stm32l1xx_md.o(.text) referenced from startup_stm32l1xx_md.o(RESET)
 <LI><a href="#[36]">TIM7_IRQHandler</a> from startup_stm32l1xx_md.o(.text) referenced from startup_stm32l1xx_md.o(RESET)
 <LI><a href="#[23]">TIM9_IRQHandler</a> from startup_stm32l1xx_md.o(.text) referenced from startup_stm32l1xx_md.o(RESET)
 <LI><a href="#[2f]">USART1_IRQHandler</a> from startup_stm32l1xx_md.o(.text) referenced from startup_stm32l1xx_md.o(RESET)
 <LI><a href="#[30]">USART2_IRQHandler</a> from startup_stm32l1xx_md.o(.text) referenced from startup_stm32l1xx_md.o(RESET)
 <LI><a href="#[31]">USART3_IRQHandler</a> from startup_stm32l1xx_md.o(.text) referenced from startup_stm32l1xx_md.o(RESET)
 <LI><a href="#[34]">USB_FS_WKUP_IRQHandler</a> from startup_stm32l1xx_md.o(.text) referenced from startup_stm32l1xx_md.o(RESET)
 <LI><a href="#[1d]">USB_HP_IRQHandler</a> from startup_stm32l1xx_md.o(.text) referenced from startup_stm32l1xx_md.o(RESET)
 <LI><a href="#[1e]">USB_LP_IRQHandler</a> from startup_stm32l1xx_md.o(.text) referenced from startup_stm32l1xx_md.o(RESET)
 <LI><a href="#[5]">UsageFault_Handler</a> from sysirqhandlers.o(i.UsageFault_Handler) referenced from startup_stm32l1xx_md.o(RESET)
 <LI><a href="#[a]">WWDG_IRQHandler</a> from startup_stm32l1xx_md.o(.text) referenced from startup_stm32l1xx_md.o(RESET)
 <LI><a href="#[39]">__main</a> from entry.o(.ARM.Collect$$$$00000000) referenced from startup_stm32l1xx_md.o(.text)
 <LI><a href="#[37]">main</a> from main.o(i.main) referenced from entry9a.o(.ARM.Collect$$$$0000000B)
</UL>
<P>
<H3>
Global Symbols
</H3>
<P><STRONG><a name="[39]"></a>__main</STRONG> (Thumb, 0 bytes, Stack size unknown bytes, entry.o(.ARM.Collect$$$$00000000))
<BR>[Address Reference Count : 1]<UL><LI> startup_stm32l1xx_md.o(.text)
</UL>
<P><STRONG><a name="[c0]"></a>_main_stk</STRONG> (Thumb, 0 bytes, Stack size unknown bytes, entry2.o(.ARM.Collect$$$$00000001))

<P><STRONG><a name="[57]"></a>_main_scatterload</STRONG> (Thumb, 0 bytes, Stack size unknown bytes, entry5.o(.ARM.Collect$$$$00000004))
<BR><BR>[Calls]<UL><LI><a href="#[58]">&gt;&gt;</a>&nbsp;&nbsp;&nbsp;__scatterload
</UL>

<P><STRONG><a name="[6b]"></a>__main_after_scatterload</STRONG> (Thumb, 0 bytes, Stack size unknown bytes, entry5.o(.ARM.Collect$$$$00000004))
<BR><BR>[Called By]<UL><LI><a href="#[58]">&gt;&gt;</a>&nbsp;&nbsp;&nbsp;__scatterload
</UL>

<P><STRONG><a name="[c1]"></a>_main_clock</STRONG> (Thumb, 0 bytes, Stack size unknown bytes, entry7b.o(.ARM.Collect$$$$00000008))

<P><STRONG><a name="[c2]"></a>_main_cpp_init</STRONG> (Thumb, 0 bytes, Stack size unknown bytes, entry8b.o(.ARM.Collect$$$$0000000A))

<P><STRONG><a name="[c3]"></a>_main_init</STRONG> (Thumb, 0 bytes, Stack size unknown bytes, entry9a.o(.ARM.Collect$$$$0000000B))

<P><STRONG><a name="[c4]"></a>__rt_final_cpp</STRONG> (Thumb, 0 bytes, Stack size unknown bytes, entry10a.o(.ARM.Collect$$$$0000000D))

<P><STRONG><a name="[c5]"></a>__rt_final_exit</STRONG> (Thumb, 0 bytes, Stack size unknown bytes, entry11a.o(.ARM.Collect$$$$0000000F))

<P><STRONG><a name="[0]"></a>Reset_Handler</STRONG> (Thumb, 8 bytes, Stack size 0 bytes, startup_stm32l1xx_md.o(.text))
<BR>[Address Reference Count : 1]<UL><LI> startup_stm32l1xx_md.o(RESET)
</UL>
<P><STRONG><a name="[6]"></a>SVC_Handler</STRONG> (Thumb, 2 bytes, Stack size 0 bytes, startup_stm32l1xx_md.o(.text))
<BR><BR>[Calls]<UL><LI><a href="#[6]">&gt;&gt;</a>&nbsp;&nbsp;&nbsp;SVC_Handler
</UL>
<BR>[Called By]<UL><LI><a href="#[6]">&gt;&gt;</a>&nbsp;&nbsp;&nbsp;SVC_Handler
</UL>
<BR>[Address Reference Count : 1]<UL><LI> startup_stm32l1xx_md.o(RESET)
</UL>
<P><STRONG><a name="[8]"></a>PendSV_Handler</STRONG> (Thumb, 2 bytes, Stack size 0 bytes, startup_stm32l1xx_md.o(.text))
<BR><BR>[Calls]<UL><LI><a href="#[8]">&gt;&gt;</a>&nbsp;&nbsp;&nbsp;PendSV_Handler
</UL>
<BR>[Called By]<UL><LI><a href="#[8]">&gt;&gt;</a>&nbsp;&nbsp;&nbsp;PendSV_Handler
</UL>
<BR>[Address Reference Count : 1]<UL><LI> startup_stm32l1xx_md.o(RESET)
</UL>
<P><STRONG><a name="[9]"></a>SysTick_Handler</STRONG> (Thumb, 2 bytes, Stack size 0 bytes, startup_stm32l1xx_md.o(.text))
<BR><BR>[Calls]<UL><LI><a href="#[9]">&gt;&gt;</a>&nbsp;&nbsp;&nbsp;SysTick_Handler
</UL>
<BR>[Called By]<UL><LI><a href="#[9]">&gt;&gt;</a>&nbsp;&nbsp;&nbsp;SysTick_Handler
</UL>
<BR>[Address Reference Count : 1]<UL><LI> startup_stm32l1xx_md.o(RESET)
</UL>
<P><STRONG><a name="[1c]"></a>ADC1_IRQHandler</STRONG> (Thumb, 0 bytes, Stack size 0 bytes, startup_stm32l1xx_md.o(.text))
<BR><BR>[Calls]<UL><LI><a href="#[1c]">&gt;&gt;</a>&nbsp;&nbsp;&nbsp;ADC1_IRQHandler
</UL>
<BR>[Called By]<UL><LI><a href="#[1c]">&gt;&gt;</a>&nbsp;&nbsp;&nbsp;ADC1_IRQHandler
</UL>
<BR>[Address Reference Count : 1]<UL><LI> startup_stm32l1xx_md.o(RESET)
</UL>
<P><STRONG><a name="[20]"></a>COMP_IRQHandler</STRONG> (Thumb, 0 bytes, Stack size 0 bytes, startup_stm32l1xx_md.o(.text))
<BR>[Address Reference Count : 1]<UL><LI> startup_stm32l1xx_md.o(RESET)
</UL>
<P><STRONG><a name="[1f]"></a>DAC_IRQHandler</STRONG> (Thumb, 0 bytes, Stack size 0 bytes, startup_stm32l1xx_md.o(.text))
<BR>[Address Reference Count : 1]<UL><LI> startup_stm32l1xx_md.o(RESET)
</UL>
<P><STRONG><a name="[15]"></a>DMA1_Channel1_IRQHandler</STRONG> (Thumb, 0 bytes, Stack size 0 bytes, startup_stm32l1xx_md.o(.text))
<BR>[Address Reference Count : 1]<UL><LI> startup_stm32l1xx_md.o(RESET)
</UL>
<P><STRONG><a name="[16]"></a>DMA1_Channel2_IRQHandler</STRONG> (Thumb, 0 bytes, Stack size 0 bytes, startup_stm32l1xx_md.o(.text))
<BR>[Address Reference Count : 1]<UL><LI> startup_stm32l1xx_md.o(RESET)
</UL>
<P><STRONG><a name="[17]"></a>DMA1_Channel3_IRQHandler</STRONG> (Thumb, 0 bytes, Stack size 0 bytes, startup_stm32l1xx_md.o(.text))
<BR>[Address Reference Count : 1]<UL><LI> startup_stm32l1xx_md.o(RESET)
</UL>
<P><STRONG><a name="[18]"></a>DMA1_Channel4_IRQHandler</STRONG> (Thumb, 0 bytes, Stack size 0 bytes, startup_stm32l1xx_md.o(.text))
<BR>[Address Reference Count : 1]<UL><LI> startup_stm32l1xx_md.o(RESET)
</UL>
<P><STRONG><a name="[19]"></a>DMA1_Channel5_IRQHandler</STRONG> (Thumb, 0 bytes, Stack size 0 bytes, startup_stm32l1xx_md.o(.text))
<BR>[Address Reference Count : 1]<UL><LI> startup_stm32l1xx_md.o(RESET)
</UL>
<P><STRONG><a name="[1a]"></a>DMA1_Channel6_IRQHandler</STRONG> (Thumb, 0 bytes, Stack size 0 bytes, startup_stm32l1xx_md.o(.text))
<BR>[Address Reference Count : 1]<UL><LI> startup_stm32l1xx_md.o(RESET)
</UL>
<P><STRONG><a name="[1b]"></a>DMA1_Channel7_IRQHandler</STRONG> (Thumb, 0 bytes, Stack size 0 bytes, startup_stm32l1xx_md.o(.text))
<BR>[Address Reference Count : 1]<UL><LI> startup_stm32l1xx_md.o(RESET)
</UL>
<P><STRONG><a name="[e]"></a>FLASH_IRQHandler</STRONG> (Thumb, 0 bytes, Stack size 0 bytes, startup_stm32l1xx_md.o(.text))
<BR>[Address Reference Count : 1]<UL><LI> startup_stm32l1xx_md.o(RESET)
</UL>
<P><STRONG><a name="[2a]"></a>I2C1_ER_IRQHandler</STRONG> (Thumb, 0 bytes, Stack size 0 bytes, startup_stm32l1xx_md.o(.text))
<BR>[Address Reference Count : 1]<UL><LI> startup_stm32l1xx_md.o(RESET)
</UL>
<P><STRONG><a name="[29]"></a>I2C1_EV_IRQHandler</STRONG> (Thumb, 0 bytes, Stack size 0 bytes, startup_stm32l1xx_md.o(.text))
<BR>[Address Reference Count : 1]<UL><LI> startup_stm32l1xx_md.o(RESET)
</UL>
<P><STRONG><a name="[2c]"></a>I2C2_ER_IRQHandler</STRONG> (Thumb, 0 bytes, Stack size 0 bytes, startup_stm32l1xx_md.o(.text))
<BR>[Address Reference Count : 1]<UL><LI> startup_stm32l1xx_md.o(RESET)
</UL>
<P><STRONG><a name="[2b]"></a>I2C2_EV_IRQHandler</STRONG> (Thumb, 0 bytes, Stack size 0 bytes, startup_stm32l1xx_md.o(.text))
<BR>[Address Reference Count : 1]<UL><LI> startup_stm32l1xx_md.o(RESET)
</UL>
<P><STRONG><a name="[22]"></a>LCD_IRQHandler</STRONG> (Thumb, 0 bytes, Stack size 0 bytes, startup_stm32l1xx_md.o(.text))
<BR>[Address Reference Count : 1]<UL><LI> startup_stm32l1xx_md.o(RESET)
</UL>
<P><STRONG><a name="[b]"></a>PVD_IRQHandler</STRONG> (Thumb, 0 bytes, Stack size 0 bytes, startup_stm32l1xx_md.o(.text))
<BR>[Address Reference Count : 1]<UL><LI> startup_stm32l1xx_md.o(RESET)
</UL>
<P><STRONG><a name="[f]"></a>RCC_IRQHandler</STRONG> (Thumb, 0 bytes, Stack size 0 bytes, startup_stm32l1xx_md.o(.text))
<BR>[Address Reference Count : 1]<UL><LI> startup_stm32l1xx_md.o(RESET)
</UL>
<P><STRONG><a name="[d]"></a>RTC_WKUP_IRQHandler</STRONG> (Thumb, 0 bytes, Stack size 0 bytes, startup_stm32l1xx_md.o(.text))
<BR>[Address Reference Count : 1]<UL><LI> startup_stm32l1xx_md.o(RESET)
</UL>
<P><STRONG><a name="[2d]"></a>SPI1_IRQHandler</STRONG> (Thumb, 0 bytes, Stack size 0 bytes, startup_stm32l1xx_md.o(.text))
<BR>[Address Reference Count : 1]<UL><LI> startup_stm32l1xx_md.o(RESET)
</UL>
<P><STRONG><a name="[2e]"></a>SPI2_IRQHandler</STRONG> (Thumb, 0 bytes, Stack size 0 bytes, startup_stm32l1xx_md.o(.text))
<BR>[Address Reference Count : 1]<UL><LI> startup_stm32l1xx_md.o(RESET)
</UL>
<P><STRONG><a name="[c]"></a>TAMPER_STAMP_IRQHandler</STRONG> (Thumb, 0 bytes, Stack size 0 bytes, startup_stm32l1xx_md.o(.text))
<BR>[Address Reference Count : 1]<UL><LI> startup_stm32l1xx_md.o(RESET)
</UL>
<P><STRONG><a name="[24]"></a>TIM10_IRQHandler</STRONG> (Thumb, 0 bytes, Stack size 0 bytes, startup_stm32l1xx_md.o(.text))
<BR>[Address Reference Count : 1]<UL><LI> startup_stm32l1xx_md.o(RESET)
</UL>
<P><STRONG><a name="[25]"></a>TIM11_IRQHandler</STRONG> (Thumb, 0 bytes, Stack size 0 bytes, startup_stm32l1xx_md.o(.text))
<BR>[Address Reference Count : 1]<UL><LI> startup_stm32l1xx_md.o(RESET)
</UL>
<P><STRONG><a name="[27]"></a>TIM3_IRQHandler</STRONG> (Thumb, 0 bytes, Stack size 0 bytes, startup_stm32l1xx_md.o(.text))
<BR>[Address Reference Count : 1]<UL><LI> startup_stm32l1xx_md.o(RESET)
</UL>
<P><STRONG><a name="[28]"></a>TIM4_IRQHandler</STRONG> (Thumb, 0 bytes, Stack size 0 bytes, startup_stm32l1xx_md.o(.text))
<BR>[Address Reference Count : 1]<UL><LI> startup_stm32l1xx_md.o(RESET)
</UL>
<P><STRONG><a name="[35]"></a>TIM6_IRQHandler</STRONG> (Thumb, 0 bytes, Stack size 0 bytes, startup_stm32l1xx_md.o(.text))
<BR>[Address Reference Count : 1]<UL><LI> startup_stm32l1xx_md.o(RESET)
</UL>
<P><STRONG><a name="[36]"></a>TIM7_IRQHandler</STRONG> (Thumb, 0 bytes, Stack size 0 bytes, startup_stm32l1xx_md.o(.text))
<BR>[Address Reference Count : 1]<UL><LI> startup_stm32l1xx_md.o(RESET)
</UL>
<P><STRONG><a name="[23]"></a>TIM9_IRQHandler</STRONG> (Thumb, 0 bytes, Stack size 0 bytes, startup_stm32l1xx_md.o(.text))
<BR>[Address Reference Count : 1]<UL><LI> startup_stm32l1xx_md.o(RESET)
</UL>
<P><STRONG><a name="[2f]"></a>USART1_IRQHandler</STRONG> (Thumb, 0 bytes, Stack size 0 bytes, startup_stm32l1xx_md.o(.text))
<BR>[Address Reference Count : 1]<UL><LI> startup_stm32l1xx_md.o(RESET)
</UL>
<P><STRONG><a name="[30]"></a>USART2_IRQHandler</STRONG> (Thumb, 0 bytes, Stack size 0 bytes, startup_stm32l1xx_md.o(.text))
<BR>[Address Reference Count : 1]<UL><LI> startup_stm32l1xx_md.o(RESET)
</UL>
<P><STRONG><a name="[31]"></a>USART3_IRQHandler</STRONG> (Thumb, 0 bytes, Stack size 0 bytes, startup_stm32l1xx_md.o(.text))
<BR>[Address Reference Count : 1]<UL><LI> startup_stm32l1xx_md.o(RESET)
</UL>
<P><STRONG><a name="[34]"></a>USB_FS_WKUP_IRQHandler</STRONG> (Thumb, 0 bytes, Stack size 0 bytes, startup_stm32l1xx_md.o(.text))
<BR>[Address Reference Count : 1]<UL><LI> startup_stm32l1xx_md.o(RESET)
</UL>
<P><STRONG><a name="[1d]"></a>USB_HP_IRQHandler</STRONG> (Thumb, 0 bytes, Stack size 0 bytes, startup_stm32l1xx_md.o(.text))
<BR>[Address Reference Count : 1]<UL><LI> startup_stm32l1xx_md.o(RESET)
</UL>
<P><STRONG><a name="[1e]"></a>USB_LP_IRQHandler</STRONG> (Thumb, 0 bytes, Stack size 0 bytes, startup_stm32l1xx_md.o(.text))
<BR>[Address Reference Count : 1]<UL><LI> startup_stm32l1xx_md.o(RESET)
</UL>
<P><STRONG><a name="[a]"></a>WWDG_IRQHandler</STRONG> (Thumb, 0 bytes, Stack size 0 bytes, startup_stm32l1xx_md.o(.text))
<BR>[Address Reference Count : 1]<UL><LI> startup_stm32l1xx_md.o(RESET)
</UL>
<P><STRONG><a name="[87]"></a>__aeabi_memcpy</STRONG> (Thumb, 36 bytes, Stack size 0 bytes, memcpya.o(.text))
<BR><BR>[Called By]<UL><LI><a href="#[3c]">&gt;&gt;</a>&nbsp;&nbsp;&nbsp;OnRxDone
</UL>

<P><STRONG><a name="[c6]"></a>__aeabi_memcpy4</STRONG> (Thumb, 0 bytes, Stack size 0 bytes, memcpya.o(.text), UNUSED)

<P><STRONG><a name="[c7]"></a>__aeabi_memcpy8</STRONG> (Thumb, 0 bytes, Stack size 0 bytes, memcpya.o(.text), UNUSED)

<P><STRONG><a name="[5a]"></a>__aeabi_memset</STRONG> (Thumb, 14 bytes, Stack size 0 bytes, memseta.o(.text), UNUSED)
<BR><BR>[Called By]<UL><LI><a href="#[5b]">&gt;&gt;</a>&nbsp;&nbsp;&nbsp;_memset$wrapper
<LI><a href="#[59]">&gt;&gt;</a>&nbsp;&nbsp;&nbsp;__aeabi_memclr
</UL>

<P><STRONG><a name="[c8]"></a>__aeabi_memset4</STRONG> (Thumb, 0 bytes, Stack size 0 bytes, memseta.o(.text), UNUSED)

<P><STRONG><a name="[c9]"></a>__aeabi_memset8</STRONG> (Thumb, 0 bytes, Stack size 0 bytes, memseta.o(.text), UNUSED)

<P><STRONG><a name="[59]"></a>__aeabi_memclr</STRONG> (Thumb, 4 bytes, Stack size 0 bytes, memseta.o(.text), UNUSED)
<BR><BR>[Calls]<UL><LI><a href="#[5a]">&gt;&gt;</a>&nbsp;&nbsp;&nbsp;__aeabi_memset
</UL>

<P><STRONG><a name="[a0]"></a>__aeabi_memclr4</STRONG> (Thumb, 0 bytes, Stack size 0 bytes, memseta.o(.text))
<BR><BR>[Called By]<UL><LI><a href="#[4c]">&gt;&gt;</a>&nbsp;&nbsp;&nbsp;SX1272SetRx
</UL>

<P><STRONG><a name="[ca]"></a>__aeabi_memclr8</STRONG> (Thumb, 0 bytes, Stack size 0 bytes, memseta.o(.text), UNUSED)

<P><STRONG><a name="[5b]"></a>_memset$wrapper</STRONG> (Thumb, 18 bytes, Stack size 8 bytes, memseta.o(.text), UNUSED)
<BR><BR>[Calls]<UL><LI><a href="#[5a]">&gt;&gt;</a>&nbsp;&nbsp;&nbsp;__aeabi_memset
</UL>

<P><STRONG><a name="[bf]"></a>strncmp</STRONG> (Thumb, 30 bytes, Stack size 12 bytes, strncmp.o(.text))
<BR><BR>[Stack]<UL><LI>Max Depth = 12<LI>Call Chain = strncmp
</UL>
<BR>[Called By]<UL><LI><a href="#[37]">&gt;&gt;</a>&nbsp;&nbsp;&nbsp;main
</UL>

<P><STRONG><a name="[5c]"></a>__aeabi_dadd</STRONG> (Thumb, 322 bytes, Stack size 48 bytes, dadd.o(.text))
<BR><BR>[Stack]<UL><LI>Max Depth = 88<LI>Call Chain = __aeabi_dadd &rArr; _double_epilogue &rArr; _double_round
</UL>
<BR>[Calls]<UL><LI><a href="#[5e]">&gt;&gt;</a>&nbsp;&nbsp;&nbsp;__aeabi_lasr
<LI><a href="#[5d]">&gt;&gt;</a>&nbsp;&nbsp;&nbsp;__aeabi_llsl
<LI><a href="#[60]">&gt;&gt;</a>&nbsp;&nbsp;&nbsp;_double_round
<LI><a href="#[5f]">&gt;&gt;</a>&nbsp;&nbsp;&nbsp;_double_epilogue
</UL>
<BR>[Called By]<UL><LI><a href="#[4c]">&gt;&gt;</a>&nbsp;&nbsp;&nbsp;SX1272SetRx
<LI><a href="#[4d]">&gt;&gt;</a>&nbsp;&nbsp;&nbsp;SX1272ReadRssi
<LI><a href="#[48]">&gt;&gt;</a>&nbsp;&nbsp;&nbsp;SX1272GetTimeOnAir
<LI><a href="#[61]">&gt;&gt;</a>&nbsp;&nbsp;&nbsp;__aeabi_dsub
<LI><a href="#[8e]">&gt;&gt;</a>&nbsp;&nbsp;&nbsp;round
<LI><a href="#[91]">&gt;&gt;</a>&nbsp;&nbsp;&nbsp;floor
<LI><a href="#[62]">&gt;&gt;</a>&nbsp;&nbsp;&nbsp;__aeabi_drsub
<LI><a href="#[8f]">&gt;&gt;</a>&nbsp;&nbsp;&nbsp;ceil
<LI><a href="#[52]">&gt;&gt;</a>&nbsp;&nbsp;&nbsp;SX1272OnDio0Irq
</UL>

<P><STRONG><a name="[61]"></a>__aeabi_dsub</STRONG> (Thumb, 6 bytes, Stack size 0 bytes, dadd.o(.text))
<BR><BR>[Stack]<UL><LI>Max Depth = 88<LI>Call Chain = __aeabi_dsub &rArr; __aeabi_dadd &rArr; _double_epilogue &rArr; _double_round
</UL>
<BR>[Calls]<UL><LI><a href="#[5c]">&gt;&gt;</a>&nbsp;&nbsp;&nbsp;__aeabi_dadd
</UL>
<BR>[Called By]<UL><LI><a href="#[8e]">&gt;&gt;</a>&nbsp;&nbsp;&nbsp;round
</UL>

<P><STRONG><a name="[62]"></a>__aeabi_drsub</STRONG> (Thumb, 6 bytes, Stack size 0 bytes, dadd.o(.text))
<BR><BR>[Stack]<UL><LI>Max Depth = 88<LI>Call Chain = __aeabi_drsub &rArr; __aeabi_dadd &rArr; _double_epilogue &rArr; _double_round
</UL>
<BR>[Calls]<UL><LI><a href="#[5c]">&gt;&gt;</a>&nbsp;&nbsp;&nbsp;__aeabi_dadd
</UL>
<BR>[Called By]<UL><LI><a href="#[8e]">&gt;&gt;</a>&nbsp;&nbsp;&nbsp;round
<LI><a href="#[91]">&gt;&gt;</a>&nbsp;&nbsp;&nbsp;floor
<LI><a href="#[8f]">&gt;&gt;</a>&nbsp;&nbsp;&nbsp;ceil
</UL>

<P><STRONG><a name="[63]"></a>__aeabi_dmul</STRONG> (Thumb, 228 bytes, Stack size 48 bytes, dmul.o(.text))
<BR><BR>[Stack]<UL><LI>Max Depth = 88<LI>Call Chain = __aeabi_dmul &rArr; _double_epilogue &rArr; _double_round
</UL>
<BR>[Calls]<UL><LI><a href="#[5f]">&gt;&gt;</a>&nbsp;&nbsp;&nbsp;_double_epilogue
</UL>
<BR>[Called By]<UL><LI><a href="#[4c]">&gt;&gt;</a>&nbsp;&nbsp;&nbsp;SX1272SetRx
<LI><a href="#[48]">&gt;&gt;</a>&nbsp;&nbsp;&nbsp;SX1272GetTimeOnAir
<LI><a href="#[54]">&gt;&gt;</a>&nbsp;&nbsp;&nbsp;SX1272OnDio2Irq
</UL>

<P><STRONG><a name="[64]"></a>__aeabi_ddiv</STRONG> (Thumb, 222 bytes, Stack size 32 bytes, ddiv.o(.text))
<BR><BR>[Stack]<UL><LI>Max Depth = 40<LI>Call Chain = __aeabi_ddiv &rArr; _double_round
</UL>
<BR>[Calls]<UL><LI><a href="#[60]">&gt;&gt;</a>&nbsp;&nbsp;&nbsp;_double_round
</UL>
<BR>[Called By]<UL><LI><a href="#[46]">&gt;&gt;</a>&nbsp;&nbsp;&nbsp;SX1272SetTxConfig
<LI><a href="#[45]">&gt;&gt;</a>&nbsp;&nbsp;&nbsp;SX1272SetRxConfig
<LI><a href="#[4c]">&gt;&gt;</a>&nbsp;&nbsp;&nbsp;SX1272SetRx
<LI><a href="#[42]">&gt;&gt;</a>&nbsp;&nbsp;&nbsp;SX1272SetChannel
<LI><a href="#[4d]">&gt;&gt;</a>&nbsp;&nbsp;&nbsp;SX1272ReadRssi
<LI><a href="#[48]">&gt;&gt;</a>&nbsp;&nbsp;&nbsp;SX1272GetTimeOnAir
<LI><a href="#[54]">&gt;&gt;</a>&nbsp;&nbsp;&nbsp;SX1272OnDio2Irq
</UL>

<P><STRONG><a name="[65]"></a>__aeabi_i2d</STRONG> (Thumb, 34 bytes, Stack size 16 bytes, dflti.o(.text))
<BR><BR>[Stack]<UL><LI>Max Depth = 56<LI>Call Chain = __aeabi_i2d &rArr; _double_epilogue &rArr; _double_round
</UL>
<BR>[Calls]<UL><LI><a href="#[5f]">&gt;&gt;</a>&nbsp;&nbsp;&nbsp;_double_epilogue
</UL>
<BR>[Called By]<UL><LI><a href="#[4c]">&gt;&gt;</a>&nbsp;&nbsp;&nbsp;SX1272SetRx
<LI><a href="#[43]">&gt;&gt;</a>&nbsp;&nbsp;&nbsp;SX1272IsChannelFree
<LI><a href="#[48]">&gt;&gt;</a>&nbsp;&nbsp;&nbsp;SX1272GetTimeOnAir
<LI><a href="#[54]">&gt;&gt;</a>&nbsp;&nbsp;&nbsp;SX1272OnDio2Irq
<LI><a href="#[52]">&gt;&gt;</a>&nbsp;&nbsp;&nbsp;SX1272OnDio0Irq
</UL>

<P><STRONG><a name="[66]"></a>__aeabi_ui2d</STRONG> (Thumb, 26 bytes, Stack size 16 bytes, dfltui.o(.text))
<BR><BR>[Stack]<UL><LI>Max Depth = 56<LI>Call Chain = __aeabi_ui2d &rArr; _double_epilogue &rArr; _double_round
</UL>
<BR>[Calls]<UL><LI><a href="#[5f]">&gt;&gt;</a>&nbsp;&nbsp;&nbsp;_double_epilogue
</UL>
<BR>[Called By]<UL><LI><a href="#[46]">&gt;&gt;</a>&nbsp;&nbsp;&nbsp;SX1272SetTxConfig
<LI><a href="#[45]">&gt;&gt;</a>&nbsp;&nbsp;&nbsp;SX1272SetRxConfig
<LI><a href="#[4c]">&gt;&gt;</a>&nbsp;&nbsp;&nbsp;SX1272SetRx
<LI><a href="#[42]">&gt;&gt;</a>&nbsp;&nbsp;&nbsp;SX1272SetChannel
<LI><a href="#[4d]">&gt;&gt;</a>&nbsp;&nbsp;&nbsp;SX1272ReadRssi
<LI><a href="#[48]">&gt;&gt;</a>&nbsp;&nbsp;&nbsp;SX1272GetTimeOnAir
<LI><a href="#[54]">&gt;&gt;</a>&nbsp;&nbsp;&nbsp;SX1272OnDio2Irq
<LI><a href="#[52]">&gt;&gt;</a>&nbsp;&nbsp;&nbsp;SX1272OnDio0Irq
</UL>

<P><STRONG><a name="[67]"></a>__aeabi_d2iz</STRONG> (Thumb, 62 bytes, Stack size 16 bytes, dfixi.o(.text))
<BR><BR>[Stack]<UL><LI>Max Depth = 16<LI>Call Chain = __aeabi_d2iz
</UL>
<BR>[Calls]<UL><LI><a href="#[68]">&gt;&gt;</a>&nbsp;&nbsp;&nbsp;__aeabi_llsr
</UL>
<BR>[Called By]<UL><LI><a href="#[54]">&gt;&gt;</a>&nbsp;&nbsp;&nbsp;SX1272OnDio2Irq
</UL>

<P><STRONG><a name="[69]"></a>__aeabi_d2uiz</STRONG> (Thumb, 50 bytes, Stack size 8 bytes, dfixui.o(.text))
<BR><BR>[Stack]<UL><LI>Max Depth = 8<LI>Call Chain = __aeabi_d2uiz
</UL>
<BR>[Calls]<UL><LI><a href="#[68]">&gt;&gt;</a>&nbsp;&nbsp;&nbsp;__aeabi_llsr
</UL>
<BR>[Called By]<UL><LI><a href="#[b4]">&gt;&gt;</a>&nbsp;&nbsp;&nbsp;TimerHwGetMinimumTimeout
<LI><a href="#[46]">&gt;&gt;</a>&nbsp;&nbsp;&nbsp;SX1272SetTxConfig
<LI><a href="#[45]">&gt;&gt;</a>&nbsp;&nbsp;&nbsp;SX1272SetRxConfig
<LI><a href="#[4c]">&gt;&gt;</a>&nbsp;&nbsp;&nbsp;SX1272SetRx
<LI><a href="#[42]">&gt;&gt;</a>&nbsp;&nbsp;&nbsp;SX1272SetChannel
</UL>

<P><STRONG><a name="[cb]"></a>__aeabi_cdcmpeq</STRONG> (Thumb, 0 bytes, Stack size 0 bytes, cdcmple.o(.text), UNUSED)

<P><STRONG><a name="[97]"></a>__aeabi_cdcmple</STRONG> (Thumb, 48 bytes, Stack size 0 bytes, cdcmple.o(.text))
<BR><BR>[Called By]<UL><LI><a href="#[43]">&gt;&gt;</a>&nbsp;&nbsp;&nbsp;SX1272IsChannelFree
<LI><a href="#[8e]">&gt;&gt;</a>&nbsp;&nbsp;&nbsp;round
<LI><a href="#[52]">&gt;&gt;</a>&nbsp;&nbsp;&nbsp;SX1272OnDio0Irq
</UL>

<P><STRONG><a name="[90]"></a>__aeabi_cdrcmple</STRONG> (Thumb, 48 bytes, Stack size 0 bytes, cdrcmple.o(.text))
<BR><BR>[Called By]<UL><LI><a href="#[48]">&gt;&gt;</a>&nbsp;&nbsp;&nbsp;SX1272GetTimeOnAir
<LI><a href="#[8e]">&gt;&gt;</a>&nbsp;&nbsp;&nbsp;round
<LI><a href="#[91]">&gt;&gt;</a>&nbsp;&nbsp;&nbsp;floor
<LI><a href="#[8f]">&gt;&gt;</a>&nbsp;&nbsp;&nbsp;ceil
</UL>

<P><STRONG><a name="[5d]"></a>__aeabi_llsl</STRONG> (Thumb, 30 bytes, Stack size 0 bytes, llshl.o(.text))
<BR><BR>[Called By]<UL><LI><a href="#[5f]">&gt;&gt;</a>&nbsp;&nbsp;&nbsp;_double_epilogue
<LI><a href="#[6a]">&gt;&gt;</a>&nbsp;&nbsp;&nbsp;_drnd
<LI><a href="#[5c]">&gt;&gt;</a>&nbsp;&nbsp;&nbsp;__aeabi_dadd
</UL>

<P><STRONG><a name="[cc]"></a>_ll_shift_l</STRONG> (Thumb, 0 bytes, Stack size 0 bytes, llshl.o(.text), UNUSED)

<P><STRONG><a name="[68]"></a>__aeabi_llsr</STRONG> (Thumb, 32 bytes, Stack size 0 bytes, llushr.o(.text))
<BR><BR>[Called By]<UL><LI><a href="#[69]">&gt;&gt;</a>&nbsp;&nbsp;&nbsp;__aeabi_d2uiz
<LI><a href="#[5f]">&gt;&gt;</a>&nbsp;&nbsp;&nbsp;_double_epilogue
<LI><a href="#[6a]">&gt;&gt;</a>&nbsp;&nbsp;&nbsp;_drnd
<LI><a href="#[67]">&gt;&gt;</a>&nbsp;&nbsp;&nbsp;__aeabi_d2iz
</UL>

<P><STRONG><a name="[cd]"></a>_ll_ushift_r</STRONG> (Thumb, 0 bytes, Stack size 0 bytes, llushr.o(.text), UNUSED)

<P><STRONG><a name="[5e]"></a>__aeabi_lasr</STRONG> (Thumb, 36 bytes, Stack size 0 bytes, llsshr.o(.text))
<BR><BR>[Called By]<UL><LI><a href="#[5c]">&gt;&gt;</a>&nbsp;&nbsp;&nbsp;__aeabi_dadd
</UL>

<P><STRONG><a name="[ce]"></a>_ll_sshift_r</STRONG> (Thumb, 0 bytes, Stack size 0 bytes, llsshr.o(.text), UNUSED)

<P><STRONG><a name="[cf]"></a>__I$use$fp</STRONG> (Thumb, 0 bytes, Stack size 8 bytes, iusefp.o(.text), UNUSED)

<P><STRONG><a name="[60]"></a>_double_round</STRONG> (Thumb, 30 bytes, Stack size 8 bytes, depilogue.o(.text))
<BR><BR>[Stack]<UL><LI>Max Depth = 8<LI>Call Chain = _double_round
</UL>
<BR>[Called By]<UL><LI><a href="#[64]">&gt;&gt;</a>&nbsp;&nbsp;&nbsp;__aeabi_ddiv
<LI><a href="#[5f]">&gt;&gt;</a>&nbsp;&nbsp;&nbsp;_double_epilogue
<LI><a href="#[6a]">&gt;&gt;</a>&nbsp;&nbsp;&nbsp;_drnd
<LI><a href="#[5c]">&gt;&gt;</a>&nbsp;&nbsp;&nbsp;__aeabi_dadd
</UL>

<P><STRONG><a name="[5f]"></a>_double_epilogue</STRONG> (Thumb, 156 bytes, Stack size 32 bytes, depilogue.o(.text))
<BR><BR>[Stack]<UL><LI>Max Depth = 40<LI>Call Chain = _double_epilogue &rArr; _double_round
</UL>
<BR>[Calls]<UL><LI><a href="#[68]">&gt;&gt;</a>&nbsp;&nbsp;&nbsp;__aeabi_llsr
<LI><a href="#[5d]">&gt;&gt;</a>&nbsp;&nbsp;&nbsp;__aeabi_llsl
<LI><a href="#[60]">&gt;&gt;</a>&nbsp;&nbsp;&nbsp;_double_round
</UL>
<BR>[Called By]<UL><LI><a href="#[66]">&gt;&gt;</a>&nbsp;&nbsp;&nbsp;__aeabi_ui2d
<LI><a href="#[63]">&gt;&gt;</a>&nbsp;&nbsp;&nbsp;__aeabi_dmul
<LI><a href="#[65]">&gt;&gt;</a>&nbsp;&nbsp;&nbsp;__aeabi_i2d
<LI><a href="#[5c]">&gt;&gt;</a>&nbsp;&nbsp;&nbsp;__aeabi_dadd
</UL>

<P><STRONG><a name="[6a]"></a>_drnd</STRONG> (Thumb, 132 bytes, Stack size 24 bytes, drnd.o(.text))
<BR><BR>[Stack]<UL><LI>Max Depth = 32<LI>Call Chain = _drnd &rArr; _double_round
</UL>
<BR>[Calls]<UL><LI><a href="#[68]">&gt;&gt;</a>&nbsp;&nbsp;&nbsp;__aeabi_llsr
<LI><a href="#[5d]">&gt;&gt;</a>&nbsp;&nbsp;&nbsp;__aeabi_llsl
<LI><a href="#[60]">&gt;&gt;</a>&nbsp;&nbsp;&nbsp;_double_round
</UL>
<BR>[Called By]<UL><LI><a href="#[8e]">&gt;&gt;</a>&nbsp;&nbsp;&nbsp;round
</UL>

<P><STRONG><a name="[58]"></a>__scatterload</STRONG> (Thumb, 28 bytes, Stack size 0 bytes, init.o(.text))
<BR><BR>[Calls]<UL><LI><a href="#[6b]">&gt;&gt;</a>&nbsp;&nbsp;&nbsp;__main_after_scatterload
</UL>
<BR>[Called By]<UL><LI><a href="#[57]">&gt;&gt;</a>&nbsp;&nbsp;&nbsp;_main_scatterload
</UL>

<P><STRONG><a name="[d0]"></a>__scatterload_rt2</STRONG> (Thumb, 0 bytes, Stack size 0 bytes, init.o(.text), UNUSED)

<P><STRONG><a name="[6c]"></a>BoardInitMcu</STRONG> (Thumb, 76 bytes, Stack size 8 bytes, board.o(i.BoardInitMcu))
<BR><BR>[Stack]<UL><LI>Max Depth = 140<LI>Call Chain = BoardInitMcu &rArr; SpiInit &rArr; GpioInit &rArr; GpioMcuInit &rArr; GPIO_Init
</UL>
<BR>[Calls]<UL><LI><a href="#[70]">&gt;&gt;</a>&nbsp;&nbsp;&nbsp;TimerHwInit
<LI><a href="#[6e]">&gt;&gt;</a>&nbsp;&nbsp;&nbsp;SpiInit
<LI><a href="#[6f]">&gt;&gt;</a>&nbsp;&nbsp;&nbsp;SX1272IoInit
<LI><a href="#[6d]">&gt;&gt;</a>&nbsp;&nbsp;&nbsp;NVIC_PriorityGroupConfig
</UL>
<BR>[Called By]<UL><LI><a href="#[37]">&gt;&gt;</a>&nbsp;&nbsp;&nbsp;main
</UL>

<P><STRONG><a name="[71]"></a>BoardInitPeriph</STRONG> (Thumb, 56 bytes, Stack size 16 bytes, board.o(i.BoardInitPeriph))
<BR><BR>[Stack]<UL><LI>Max Depth = 116<LI>Call Chain = BoardInitPeriph &rArr; GpioInit &rArr; GpioMcuInit &rArr; GPIO_Init
</UL>
<BR>[Calls]<UL><LI><a href="#[72]">&gt;&gt;</a>&nbsp;&nbsp;&nbsp;GpioInit
<LI><a href="#[73]">&gt;&gt;</a>&nbsp;&nbsp;&nbsp;GpioWrite
</UL>
<BR>[Called By]<UL><LI><a href="#[37]">&gt;&gt;</a>&nbsp;&nbsp;&nbsp;main
</UL>

<P><STRONG><a name="[4]"></a>BusFault_Handler</STRONG> (Thumb, 4 bytes, Stack size 0 bytes, sysirqhandlers.o(i.BusFault_Handler))
<BR>[Address Reference Count : 1]<UL><LI> startup_stm32l1xx_md.o(RESET)
</UL>
<P><STRONG><a name="[7]"></a>DebugMon_Handler</STRONG> (Thumb, 2 bytes, Stack size 0 bytes, sysirqhandlers.o(i.DebugMon_Handler))
<BR>[Address Reference Count : 1]<UL><LI> startup_stm32l1xx_md.o(RESET)
</UL>
<P><STRONG><a name="[74]"></a>DelayMs</STRONG> (Thumb, 12 bytes, Stack size 8 bytes, delay.o(i.DelayMs))
<BR><BR>[Stack]<UL><LI>Max Depth = 36<LI>Call Chain = DelayMs &rArr; TimerHwDelayMs
</UL>
<BR>[Calls]<UL><LI><a href="#[75]">&gt;&gt;</a>&nbsp;&nbsp;&nbsp;TimerHwDelayMs
</UL>
<BR>[Called By]<UL><LI><a href="#[49]">&gt;&gt;</a>&nbsp;&nbsp;&nbsp;SX1272Send
<LI><a href="#[44]">&gt;&gt;</a>&nbsp;&nbsp;&nbsp;SX1272Random
<LI><a href="#[43]">&gt;&gt;</a>&nbsp;&nbsp;&nbsp;SX1272IsChannelFree
<LI><a href="#[37]">&gt;&gt;</a>&nbsp;&nbsp;&nbsp;main
<LI><a href="#[93]">&gt;&gt;</a>&nbsp;&nbsp;&nbsp;SX1272Reset
</UL>

<P><STRONG><a name="[10]"></a>EXTI0_IRQHandler</STRONG> (Thumb, 30 bytes, Stack size 8 bytes, gpio-board.o(i.EXTI0_IRQHandler))
<BR><BR>[Stack]<UL><LI>Max Depth = 8<LI>Call Chain = EXTI0_IRQHandler
</UL>
<BR>[Calls]<UL><LI><a href="#[76]">&gt;&gt;</a>&nbsp;&nbsp;&nbsp;EXTI_GetITStatus
<LI><a href="#[77]">&gt;&gt;</a>&nbsp;&nbsp;&nbsp;EXTI_ClearITPendingBit
</UL>
<BR>[Address Reference Count : 1]<UL><LI> startup_stm32l1xx_md.o(RESET)
</UL>
<P><STRONG><a name="[32]"></a>EXTI15_10_IRQHandler</STRONG> (Thumb, 184 bytes, Stack size 8 bytes, gpio-board.o(i.EXTI15_10_IRQHandler))
<BR><BR>[Stack]<UL><LI>Max Depth = 8<LI>Call Chain = EXTI15_10_IRQHandler
</UL>
<BR>[Calls]<UL><LI><a href="#[76]">&gt;&gt;</a>&nbsp;&nbsp;&nbsp;EXTI_GetITStatus
<LI><a href="#[77]">&gt;&gt;</a>&nbsp;&nbsp;&nbsp;EXTI_ClearITPendingBit
</UL>
<BR>[Address Reference Count : 1]<UL><LI> startup_stm32l1xx_md.o(RESET)
</UL>
<P><STRONG><a name="[11]"></a>EXTI1_IRQHandler</STRONG> (Thumb, 30 bytes, Stack size 8 bytes, gpio-board.o(i.EXTI1_IRQHandler))
<BR><BR>[Stack]<UL><LI>Max Depth = 8<LI>Call Chain = EXTI1_IRQHandler
</UL>
<BR>[Calls]<UL><LI><a href="#[76]">&gt;&gt;</a>&nbsp;&nbsp;&nbsp;EXTI_GetITStatus
<LI><a href="#[77]">&gt;&gt;</a>&nbsp;&nbsp;&nbsp;EXTI_ClearITPendingBit
</UL>
<BR>[Address Reference Count : 1]<UL><LI> startup_stm32l1xx_md.o(RESET)
</UL>
<P><STRONG><a name="[12]"></a>EXTI2_IRQHandler</STRONG> (Thumb, 30 bytes, Stack size 8 bytes, gpio-board.o(i.EXTI2_IRQHandler))
<BR><BR>[Stack]<UL><LI>Max Depth = 8<LI>Call Chain = EXTI2_IRQHandler
</UL>
<BR>[Calls]<UL><LI><a href="#[76]">&gt;&gt;</a>&nbsp;&nbsp;&nbsp;EXTI_GetITStatus
<LI><a href="#[77]">&gt;&gt;</a>&nbsp;&nbsp;&nbsp;EXTI_ClearITPendingBit
</UL>
<BR>[Address Reference Count : 1]<UL><LI> startup_stm32l1xx_md.o(RESET)
</UL>
<P><STRONG><a name="[13]"></a>EXTI3_IRQHandler</STRONG> (Thumb, 30 bytes, Stack size 8 bytes, gpio-board.o(i.EXTI3_IRQHandler))
<BR><BR>[Stack]<UL><LI>Max Depth = 8<LI>Call Chain = EXTI3_IRQHandler
</UL>
<BR>[Calls]<UL><LI><a href="#[76]">&gt;&gt;</a>&nbsp;&nbsp;&nbsp;EXTI_GetITStatus
<LI><a href="#[77]">&gt;&gt;</a>&nbsp;&nbsp;&nbsp;EXTI_ClearITPendingBit
</UL>
<BR>[Address Reference Count : 1]<UL><LI> startup_stm32l1xx_md.o(RESET)
</UL>
<P><STRONG><a name="[14]"></a>EXTI4_IRQHandler</STRONG> (Thumb, 30 bytes, Stack size 8 bytes, gpio-board.o(i.EXTI4_IRQHandler))
<BR><BR>[Stack]<UL><LI>Max Depth = 8<LI>Call Chain = EXTI4_IRQHandler
</UL>
<BR>[Calls]<UL><LI><a href="#[76]">&gt;&gt;</a>&nbsp;&nbsp;&nbsp;EXTI_GetITStatus
<LI><a href="#[77]">&gt;&gt;</a>&nbsp;&nbsp;&nbsp;EXTI_ClearITPendingBit
</UL>
<BR>[Address Reference Count : 1]<UL><LI> startup_stm32l1xx_md.o(RESET)
</UL>
<P><STRONG><a name="[21]"></a>EXTI9_5_IRQHandler</STRONG> (Thumb, 142 bytes, Stack size 8 bytes, gpio-board.o(i.EXTI9_5_IRQHandler))
<BR><BR>[Stack]<UL><LI>Max Depth = 8<LI>Call Chain = EXTI9_5_IRQHandler
</UL>
<BR>[Calls]<UL><LI><a href="#[76]">&gt;&gt;</a>&nbsp;&nbsp;&nbsp;EXTI_GetITStatus
<LI><a href="#[77]">&gt;&gt;</a>&nbsp;&nbsp;&nbsp;EXTI_ClearITPendingBit
</UL>
<BR>[Address Reference Count : 1]<UL><LI> startup_stm32l1xx_md.o(RESET)
</UL>
<P><STRONG><a name="[77]"></a>EXTI_ClearITPendingBit</STRONG> (Thumb, 6 bytes, Stack size 0 bytes, stm32l1xx_exti.o(i.EXTI_ClearITPendingBit))
<BR><BR>[Called By]<UL><LI><a href="#[33]">&gt;&gt;</a>&nbsp;&nbsp;&nbsp;RTC_Alarm_IRQHandler
<LI><a href="#[21]">&gt;&gt;</a>&nbsp;&nbsp;&nbsp;EXTI9_5_IRQHandler
<LI><a href="#[14]">&gt;&gt;</a>&nbsp;&nbsp;&nbsp;EXTI4_IRQHandler
<LI><a href="#[13]">&gt;&gt;</a>&nbsp;&nbsp;&nbsp;EXTI3_IRQHandler
<LI><a href="#[12]">&gt;&gt;</a>&nbsp;&nbsp;&nbsp;EXTI2_IRQHandler
<LI><a href="#[11]">&gt;&gt;</a>&nbsp;&nbsp;&nbsp;EXTI1_IRQHandler
<LI><a href="#[32]">&gt;&gt;</a>&nbsp;&nbsp;&nbsp;EXTI15_10_IRQHandler
<LI><a href="#[10]">&gt;&gt;</a>&nbsp;&nbsp;&nbsp;EXTI0_IRQHandler
</UL>

<P><STRONG><a name="[76]"></a>EXTI_GetITStatus</STRONG> (Thumb, 20 bytes, Stack size 0 bytes, stm32l1xx_exti.o(i.EXTI_GetITStatus))
<BR><BR>[Called By]<UL><LI><a href="#[21]">&gt;&gt;</a>&nbsp;&nbsp;&nbsp;EXTI9_5_IRQHandler
<LI><a href="#[14]">&gt;&gt;</a>&nbsp;&nbsp;&nbsp;EXTI4_IRQHandler
<LI><a href="#[13]">&gt;&gt;</a>&nbsp;&nbsp;&nbsp;EXTI3_IRQHandler
<LI><a href="#[12]">&gt;&gt;</a>&nbsp;&nbsp;&nbsp;EXTI2_IRQHandler
<LI><a href="#[11]">&gt;&gt;</a>&nbsp;&nbsp;&nbsp;EXTI1_IRQHandler
<LI><a href="#[32]">&gt;&gt;</a>&nbsp;&nbsp;&nbsp;EXTI15_10_IRQHandler
<LI><a href="#[10]">&gt;&gt;</a>&nbsp;&nbsp;&nbsp;EXTI0_IRQHandler
</UL>

<P><STRONG><a name="[81]"></a>EXTI_Init</STRONG> (Thumb, 142 bytes, Stack size 0 bytes, stm32l1xx_exti.o(i.EXTI_Init))
<BR><BR>[Called By]<UL><LI><a href="#[7e]">&gt;&gt;</a>&nbsp;&nbsp;&nbsp;GpioMcuSetInterrupt
</UL>

<P><STRONG><a name="[7b]"></a>GPIO_Init</STRONG> (Thumb, 144 bytes, Stack size 20 bytes, stm32l1xx_gpio.o(i.GPIO_Init))
<BR><BR>[Stack]<UL><LI>Max Depth = 20<LI>Call Chain = GPIO_Init
</UL>
<BR>[Called By]<UL><LI><a href="#[78]">&gt;&gt;</a>&nbsp;&nbsp;&nbsp;GpioMcuInit
</UL>

<P><STRONG><a name="[ab]"></a>GPIO_PinAFConfig</STRONG> (Thumb, 70 bytes, Stack size 20 bytes, stm32l1xx_gpio.o(i.GPIO_PinAFConfig))
<BR><BR>[Stack]<UL><LI>Max Depth = 20<LI>Call Chain = GPIO_PinAFConfig
</UL>
<BR>[Called By]<UL><LI><a href="#[6e]">&gt;&gt;</a>&nbsp;&nbsp;&nbsp;SpiInit
</UL>

<P><STRONG><a name="[7d]"></a>GPIO_ReadInputDataBit</STRONG> (Thumb, 18 bytes, Stack size 0 bytes, stm32l1xx_gpio.o(i.GPIO_ReadInputDataBit))
<BR><BR>[Called By]<UL><LI><a href="#[7c]">&gt;&gt;</a>&nbsp;&nbsp;&nbsp;GpioMcuRead
</UL>

<P><STRONG><a name="[83]"></a>GPIO_ResetBits</STRONG> (Thumb, 4 bytes, Stack size 0 bytes, stm32l1xx_gpio.o(i.GPIO_ResetBits))
<BR><BR>[Called By]<UL><LI><a href="#[7a]">&gt;&gt;</a>&nbsp;&nbsp;&nbsp;GpioMcuWrite
</UL>

<P><STRONG><a name="[84]"></a>GPIO_SetBits</STRONG> (Thumb, 4 bytes, Stack size 0 bytes, stm32l1xx_gpio.o(i.GPIO_SetBits))
<BR><BR>[Called By]<UL><LI><a href="#[7a]">&gt;&gt;</a>&nbsp;&nbsp;&nbsp;GpioMcuWrite
</UL>

<P><STRONG><a name="[72]"></a>GpioInit</STRONG> (Thumb, 36 bytes, Stack size 40 bytes, gpio.o(i.GpioInit))
<BR><BR>[Stack]<UL><LI>Max Depth = 100<LI>Call Chain = GpioInit &rArr; GpioMcuInit &rArr; GPIO_Init
</UL>
<BR>[Calls]<UL><LI><a href="#[78]">&gt;&gt;</a>&nbsp;&nbsp;&nbsp;GpioMcuInit
</UL>
<BR>[Called By]<UL><LI><a href="#[8d]">&gt;&gt;</a>&nbsp;&nbsp;&nbsp;SX1272AntSwInit
<LI><a href="#[8c]">&gt;&gt;</a>&nbsp;&nbsp;&nbsp;SX1272AntSwDeInit
<LI><a href="#[6e]">&gt;&gt;</a>&nbsp;&nbsp;&nbsp;SpiInit
<LI><a href="#[6f]">&gt;&gt;</a>&nbsp;&nbsp;&nbsp;SX1272IoInit
<LI><a href="#[71]">&gt;&gt;</a>&nbsp;&nbsp;&nbsp;BoardInitPeriph
<LI><a href="#[93]">&gt;&gt;</a>&nbsp;&nbsp;&nbsp;SX1272Reset
</UL>

<P><STRONG><a name="[78]"></a>GpioMcuInit</STRONG> (Thumb, 146 bytes, Stack size 40 bytes, gpio-board.o(i.GpioMcuInit))
<BR><BR>[Stack]<UL><LI>Max Depth = 60<LI>Call Chain = GpioMcuInit &rArr; GPIO_Init
</UL>
<BR>[Calls]<UL><LI><a href="#[79]">&gt;&gt;</a>&nbsp;&nbsp;&nbsp;RCC_AHBPeriphClockCmd
<LI><a href="#[7b]">&gt;&gt;</a>&nbsp;&nbsp;&nbsp;GPIO_Init
<LI><a href="#[7a]">&gt;&gt;</a>&nbsp;&nbsp;&nbsp;GpioMcuWrite
</UL>
<BR>[Called By]<UL><LI><a href="#[72]">&gt;&gt;</a>&nbsp;&nbsp;&nbsp;GpioInit
</UL>

<P><STRONG><a name="[7c]"></a>GpioMcuRead</STRONG> (Thumb, 32 bytes, Stack size 8 bytes, gpio-board.o(i.GpioMcuRead))
<BR><BR>[Stack]<UL><LI>Max Depth = 8<LI>Call Chain = GpioMcuRead
</UL>
<BR>[Calls]<UL><LI><a href="#[7d]">&gt;&gt;</a>&nbsp;&nbsp;&nbsp;GPIO_ReadInputDataBit
</UL>
<BR>[Called By]<UL><LI><a href="#[85]">&gt;&gt;</a>&nbsp;&nbsp;&nbsp;GpioRead
</UL>

<P><STRONG><a name="[7e]"></a>GpioMcuSetInterrupt</STRONG> (Thumb, 286 bytes, Stack size 32 bytes, gpio-board.o(i.GpioMcuSetInterrupt))
<BR><BR>[Stack]<UL><LI>Max Depth = 48<LI>Call Chain = GpioMcuSetInterrupt &rArr; NVIC_Init
</UL>
<BR>[Calls]<UL><LI><a href="#[80]">&gt;&gt;</a>&nbsp;&nbsp;&nbsp;SYSCFG_EXTILineConfig
<LI><a href="#[7f]">&gt;&gt;</a>&nbsp;&nbsp;&nbsp;RCC_APB2PeriphClockCmd
<LI><a href="#[82]">&gt;&gt;</a>&nbsp;&nbsp;&nbsp;NVIC_Init
<LI><a href="#[81]">&gt;&gt;</a>&nbsp;&nbsp;&nbsp;EXTI_Init
</UL>
<BR>[Called By]<UL><LI><a href="#[86]">&gt;&gt;</a>&nbsp;&nbsp;&nbsp;GpioSetInterrupt
</UL>

<P><STRONG><a name="[7a]"></a>GpioMcuWrite</STRONG> (Thumb, 50 bytes, Stack size 16 bytes, gpio-board.o(i.GpioMcuWrite))
<BR><BR>[Stack]<UL><LI>Max Depth = 16<LI>Call Chain = GpioMcuWrite
</UL>
<BR>[Calls]<UL><LI><a href="#[84]">&gt;&gt;</a>&nbsp;&nbsp;&nbsp;GPIO_SetBits
<LI><a href="#[83]">&gt;&gt;</a>&nbsp;&nbsp;&nbsp;GPIO_ResetBits
</UL>
<BR>[Called By]<UL><LI><a href="#[78]">&gt;&gt;</a>&nbsp;&nbsp;&nbsp;GpioMcuInit
<LI><a href="#[73]">&gt;&gt;</a>&nbsp;&nbsp;&nbsp;GpioWrite
</UL>

<P><STRONG><a name="[85]"></a>GpioRead</STRONG> (Thumb, 12 bytes, Stack size 8 bytes, gpio.o(i.GpioRead))
<BR><BR>[Stack]<UL><LI>Max Depth = 16<LI>Call Chain = GpioRead &rArr; GpioMcuRead
</UL>
<BR>[Calls]<UL><LI><a href="#[7c]">&gt;&gt;</a>&nbsp;&nbsp;&nbsp;GpioMcuRead
</UL>
<BR>[Called By]<UL><LI><a href="#[37]">&gt;&gt;</a>&nbsp;&nbsp;&nbsp;main
</UL>

<P><STRONG><a name="[86]"></a>GpioSetInterrupt</STRONG> (Thumb, 28 bytes, Stack size 24 bytes, gpio.o(i.GpioSetInterrupt))
<BR><BR>[Stack]<UL><LI>Max Depth = 72<LI>Call Chain = GpioSetInterrupt &rArr; GpioMcuSetInterrupt &rArr; NVIC_Init
</UL>
<BR>[Calls]<UL><LI><a href="#[7e]">&gt;&gt;</a>&nbsp;&nbsp;&nbsp;GpioMcuSetInterrupt
</UL>
<BR>[Called By]<UL><LI><a href="#[95]">&gt;&gt;</a>&nbsp;&nbsp;&nbsp;SX1272IoIrqInit
</UL>

<P><STRONG><a name="[73]"></a>GpioWrite</STRONG> (Thumb, 16 bytes, Stack size 16 bytes, gpio.o(i.GpioWrite))
<BR><BR>[Stack]<UL><LI>Max Depth = 32<LI>Call Chain = GpioWrite &rArr; GpioMcuWrite
</UL>
<BR>[Calls]<UL><LI><a href="#[7a]">&gt;&gt;</a>&nbsp;&nbsp;&nbsp;GpioMcuWrite
</UL>
<BR>[Called By]<UL><LI><a href="#[50]">&gt;&gt;</a>&nbsp;&nbsp;&nbsp;SX1272WriteBuffer
<LI><a href="#[51]">&gt;&gt;</a>&nbsp;&nbsp;&nbsp;SX1272ReadBuffer
<LI><a href="#[9e]">&gt;&gt;</a>&nbsp;&nbsp;&nbsp;SX1272SetAntSw
<LI><a href="#[71]">&gt;&gt;</a>&nbsp;&nbsp;&nbsp;BoardInitPeriph
<LI><a href="#[37]">&gt;&gt;</a>&nbsp;&nbsp;&nbsp;main
</UL>

<P><STRONG><a name="[2]"></a>HardFault_Handler</STRONG> (Thumb, 4 bytes, Stack size 0 bytes, sysirqhandlers.o(i.HardFault_Handler))
<BR>[Address Reference Count : 1]<UL><LI> startup_stm32l1xx_md.o(RESET)
</UL>
<P><STRONG><a name="[3]"></a>MemManage_Handler</STRONG> (Thumb, 4 bytes, Stack size 0 bytes, sysirqhandlers.o(i.MemManage_Handler))
<BR>[Address Reference Count : 1]<UL><LI> startup_stm32l1xx_md.o(RESET)
</UL>
<P><STRONG><a name="[1]"></a>NMI_Handler</STRONG> (Thumb, 2 bytes, Stack size 0 bytes, sysirqhandlers.o(i.NMI_Handler))
<BR>[Address Reference Count : 1]<UL><LI> startup_stm32l1xx_md.o(RESET)
</UL>
<P><STRONG><a name="[82]"></a>NVIC_Init</STRONG> (Thumb, 106 bytes, Stack size 16 bytes, misc.o(i.NVIC_Init))
<BR><BR>[Stack]<UL><LI>Max Depth = 16<LI>Call Chain = NVIC_Init
</UL>
<BR>[Called By]<UL><LI><a href="#[7e]">&gt;&gt;</a>&nbsp;&nbsp;&nbsp;GpioMcuSetInterrupt
<LI><a href="#[70]">&gt;&gt;</a>&nbsp;&nbsp;&nbsp;TimerHwInit
</UL>

<P><STRONG><a name="[6d]"></a>NVIC_PriorityGroupConfig</STRONG> (Thumb, 10 bytes, Stack size 0 bytes, misc.o(i.NVIC_PriorityGroupConfig))
<BR><BR>[Called By]<UL><LI><a href="#[6c]">&gt;&gt;</a>&nbsp;&nbsp;&nbsp;BoardInitMcu
</UL>

<P><STRONG><a name="[3c]"></a>OnRxDone</STRONG> (Thumb, 60 bytes, Stack size 32 bytes, main.o(i.OnRxDone))
<BR><BR>[Stack]<UL><LI>Max Depth = 32<LI>Call Chain = OnRxDone
</UL>
<BR>[Calls]<UL><LI><a href="#[87]">&gt;&gt;</a>&nbsp;&nbsp;&nbsp;__aeabi_memcpy
</UL>
<BR>[Address Reference Count : 1]<UL><LI> main.o(i.main)
</UL>
<P><STRONG><a name="[3f]"></a>OnRxError</STRONG> (Thumb, 16 bytes, Stack size 8 bytes, main.o(i.OnRxError))
<BR><BR>[Stack]<UL><LI>Max Depth = 8<LI>Call Chain = OnRxError
</UL>
<BR>[Address Reference Count : 1]<UL><LI> main.o(i.main)
</UL>
<P><STRONG><a name="[3e]"></a>OnRxTimeout</STRONG> (Thumb, 16 bytes, Stack size 8 bytes, main.o(i.OnRxTimeout))
<BR><BR>[Stack]<UL><LI>Max Depth = 8<LI>Call Chain = OnRxTimeout
</UL>
<BR>[Address Reference Count : 1]<UL><LI> main.o(i.main)
</UL>
<P><STRONG><a name="[3b]"></a>OnTxDone</STRONG> (Thumb, 8 bytes, Stack size 0 bytes, main.o(i.OnTxDone))
<BR>[Address Reference Count : 1]<UL><LI> main.o(i.main)
</UL>
<P><STRONG><a name="[3d]"></a>OnTxTimeout</STRONG> (Thumb, 16 bytes, Stack size 8 bytes, main.o(i.OnTxTimeout))
<BR><BR>[Stack]<UL><LI>Max Depth = 8<LI>Call Chain = OnTxTimeout
</UL>
<BR>[Address Reference Count : 1]<UL><LI> main.o(i.main)
</UL>
<P><STRONG><a name="[79]"></a>RCC_AHBPeriphClockCmd</STRONG> (Thumb, 26 bytes, Stack size 0 bytes, stm32l1xx_rcc.o(i.RCC_AHBPeriphClockCmd))
<BR><BR>[Called By]<UL><LI><a href="#[78]">&gt;&gt;</a>&nbsp;&nbsp;&nbsp;GpioMcuInit
</UL>

<P><STRONG><a name="[ac]"></a>RCC_APB1PeriphClockCmd</STRONG> (Thumb, 26 bytes, Stack size 0 bytes, stm32l1xx_rcc.o(i.RCC_APB1PeriphClockCmd))
<BR><BR>[Called By]<UL><LI><a href="#[70]">&gt;&gt;</a>&nbsp;&nbsp;&nbsp;TimerHwInit
<LI><a href="#[6e]">&gt;&gt;</a>&nbsp;&nbsp;&nbsp;SpiInit
</UL>

<P><STRONG><a name="[7f]"></a>RCC_APB2PeriphClockCmd</STRONG> (Thumb, 26 bytes, Stack size 0 bytes, stm32l1xx_rcc.o(i.RCC_APB2PeriphClockCmd))
<BR><BR>[Called By]<UL><LI><a href="#[7e]">&gt;&gt;</a>&nbsp;&nbsp;&nbsp;GpioMcuSetInterrupt
</UL>

<P><STRONG><a name="[33]"></a>RTC_Alarm_IRQHandler</STRONG> (Thumb, 38 bytes, Stack size 8 bytes, rtc-board.o(i.RTC_Alarm_IRQHandler))
<BR><BR>[Stack]<UL><LI>Max Depth = 44<LI>Call Chain = RTC_Alarm_IRQHandler &rArr; TimerIrqHandler &rArr; TimerGetValue &rArr; TimerHwGetElapsedTime
</UL>
<BR>[Calls]<UL><LI><a href="#[8a]">&gt;&gt;</a>&nbsp;&nbsp;&nbsp;TimerIrqHandler
<LI><a href="#[88]">&gt;&gt;</a>&nbsp;&nbsp;&nbsp;RTC_GetITStatus
<LI><a href="#[8b]">&gt;&gt;</a>&nbsp;&nbsp;&nbsp;RTC_ClearITPendingBit
<LI><a href="#[89]">&gt;&gt;</a>&nbsp;&nbsp;&nbsp;RtcRecoverMcuStatus
<LI><a href="#[77]">&gt;&gt;</a>&nbsp;&nbsp;&nbsp;EXTI_ClearITPendingBit
</UL>
<BR>[Address Reference Count : 1]<UL><LI> startup_stm32l1xx_md.o(RESET)
</UL>
<P><STRONG><a name="[8b]"></a>RTC_ClearITPendingBit</STRONG> (Thumb, 28 bytes, Stack size 0 bytes, stm32l1xx_rtc.o(i.RTC_ClearITPendingBit))
<BR><BR>[Called By]<UL><LI><a href="#[33]">&gt;&gt;</a>&nbsp;&nbsp;&nbsp;RTC_Alarm_IRQHandler
</UL>

<P><STRONG><a name="[88]"></a>RTC_GetITStatus</STRONG> (Thumb, 64 bytes, Stack size 12 bytes, stm32l1xx_rtc.o(i.RTC_GetITStatus))
<BR><BR>[Stack]<UL><LI>Max Depth = 12<LI>Call Chain = RTC_GetITStatus
</UL>
<BR>[Called By]<UL><LI><a href="#[33]">&gt;&gt;</a>&nbsp;&nbsp;&nbsp;RTC_Alarm_IRQHandler
</UL>

<P><STRONG><a name="[89]"></a>RtcRecoverMcuStatus</STRONG> (Thumb, 2 bytes, Stack size 0 bytes, rtc-board.o(i.RtcRecoverMcuStatus))
<BR><BR>[Called By]<UL><LI><a href="#[33]">&gt;&gt;</a>&nbsp;&nbsp;&nbsp;RTC_Alarm_IRQHandler
</UL>

<P><STRONG><a name="[a5]"></a>SPI_Cmd</STRONG> (Thumb, 24 bytes, Stack size 0 bytes, stm32l1xx_spi.o(i.SPI_Cmd))
<BR><BR>[Called By]<UL><LI><a href="#[a7]">&gt;&gt;</a>&nbsp;&nbsp;&nbsp;SpiFrequency
<LI><a href="#[a4]">&gt;&gt;</a>&nbsp;&nbsp;&nbsp;SpiFormat
<LI><a href="#[6e]">&gt;&gt;</a>&nbsp;&nbsp;&nbsp;SpiInit
</UL>

<P><STRONG><a name="[a8]"></a>SPI_I2S_GetFlagStatus</STRONG> (Thumb, 18 bytes, Stack size 0 bytes, stm32l1xx_spi.o(i.SPI_I2S_GetFlagStatus))
<BR><BR>[Called By]<UL><LI><a href="#[9c]">&gt;&gt;</a>&nbsp;&nbsp;&nbsp;SpiInOut
</UL>

<P><STRONG><a name="[aa]"></a>SPI_I2S_ReceiveData</STRONG> (Thumb, 6 bytes, Stack size 0 bytes, stm32l1xx_spi.o(i.SPI_I2S_ReceiveData))
<BR><BR>[Called By]<UL><LI><a href="#[9c]">&gt;&gt;</a>&nbsp;&nbsp;&nbsp;SpiInOut
</UL>

<P><STRONG><a name="[a9]"></a>SPI_I2S_SendData</STRONG> (Thumb, 4 bytes, Stack size 0 bytes, stm32l1xx_spi.o(i.SPI_I2S_SendData))
<BR><BR>[Called By]<UL><LI><a href="#[9c]">&gt;&gt;</a>&nbsp;&nbsp;&nbsp;SpiInOut
</UL>

<P><STRONG><a name="[a6]"></a>SPI_Init</STRONG> (Thumb, 60 bytes, Stack size 8 bytes, stm32l1xx_spi.o(i.SPI_Init))
<BR><BR>[Stack]<UL><LI>Max Depth = 8<LI>Call Chain = SPI_Init
</UL>
<BR>[Called By]<UL><LI><a href="#[a7]">&gt;&gt;</a>&nbsp;&nbsp;&nbsp;SpiFrequency
<LI><a href="#[a4]">&gt;&gt;</a>&nbsp;&nbsp;&nbsp;SpiFormat
</UL>

<P><STRONG><a name="[8c]"></a>SX1272AntSwDeInit</STRONG> (Thumb, 22 bytes, Stack size 16 bytes, sx1272-board.o(i.SX1272AntSwDeInit))
<BR><BR>[Stack]<UL><LI>Max Depth = 116<LI>Call Chain = SX1272AntSwDeInit &rArr; GpioInit &rArr; GpioMcuInit &rArr; GPIO_Init
</UL>
<BR>[Calls]<UL><LI><a href="#[72]">&gt;&gt;</a>&nbsp;&nbsp;&nbsp;GpioInit
</UL>
<BR>[Called By]<UL><LI><a href="#[9f]">&gt;&gt;</a>&nbsp;&nbsp;&nbsp;SX1272SetAntSwLowPower
</UL>

<P><STRONG><a name="[8d]"></a>SX1272AntSwInit</STRONG> (Thumb, 24 bytes, Stack size 16 bytes, sx1272-board.o(i.SX1272AntSwInit))
<BR><BR>[Stack]<UL><LI>Max Depth = 116<LI>Call Chain = SX1272AntSwInit &rArr; GpioInit &rArr; GpioMcuInit &rArr; GPIO_Init
</UL>
<BR>[Calls]<UL><LI><a href="#[72]">&gt;&gt;</a>&nbsp;&nbsp;&nbsp;GpioInit
</UL>
<BR>[Called By]<UL><LI><a href="#[9f]">&gt;&gt;</a>&nbsp;&nbsp;&nbsp;SX1272SetAntSwLowPower
<LI><a href="#[6f]">&gt;&gt;</a>&nbsp;&nbsp;&nbsp;SX1272IoInit
</UL>

<P><STRONG><a name="[47]"></a>SX1272CheckRfFrequency</STRONG> (Thumb, 6 bytes, Stack size 0 bytes, sx1272-board.o(i.SX1272CheckRfFrequency))
<BR>[Address Reference Count : 1]<UL><LI> sx1272-board.o(.constdata)
</UL>
<P><STRONG><a name="[a3]"></a>SX1272GetPaSelect</STRONG> (Thumb, 6 bytes, Stack size 0 bytes, sx1272-board.o(i.SX1272GetPaSelect))
<BR><BR>[Called By]<UL><LI><a href="#[46]">&gt;&gt;</a>&nbsp;&nbsp;&nbsp;SX1272SetTxConfig
</UL>

<P><STRONG><a name="[41]"></a>SX1272GetStatus</STRONG> (Thumb, 8 bytes, Stack size 0 bytes, sx1272.o(i.SX1272GetStatus))
<BR>[Address Reference Count : 1]<UL><LI> sx1272-board.o(.constdata)
</UL>
<P><STRONG><a name="[48]"></a>SX1272GetTimeOnAir</STRONG> (Thumb, 624 bytes, Stack size 128 bytes, sx1272.o(i.SX1272GetTimeOnAir))
<BR><BR>[Stack]<UL><LI>Max Depth = 248<LI>Call Chain = SX1272GetTimeOnAir &rArr; round &rArr; __aeabi_dsub &rArr; __aeabi_dadd &rArr; _double_epilogue &rArr; _double_round
</UL>
<BR>[Calls]<UL><LI><a href="#[4f]">&gt;&gt;</a>&nbsp;&nbsp;&nbsp;SX1272Read
<LI><a href="#[66]">&gt;&gt;</a>&nbsp;&nbsp;&nbsp;__aeabi_ui2d
<LI><a href="#[63]">&gt;&gt;</a>&nbsp;&nbsp;&nbsp;__aeabi_dmul
<LI><a href="#[64]">&gt;&gt;</a>&nbsp;&nbsp;&nbsp;__aeabi_ddiv
<LI><a href="#[8e]">&gt;&gt;</a>&nbsp;&nbsp;&nbsp;round
<LI><a href="#[91]">&gt;&gt;</a>&nbsp;&nbsp;&nbsp;floor
<LI><a href="#[8f]">&gt;&gt;</a>&nbsp;&nbsp;&nbsp;ceil
<LI><a href="#[65]">&gt;&gt;</a>&nbsp;&nbsp;&nbsp;__aeabi_i2d
<LI><a href="#[5c]">&gt;&gt;</a>&nbsp;&nbsp;&nbsp;__aeabi_dadd
<LI><a href="#[90]">&gt;&gt;</a>&nbsp;&nbsp;&nbsp;__aeabi_cdrcmple
</UL>
<BR>[Address Reference Count : 1]<UL><LI> sx1272-board.o(.constdata)
</UL>
<P><STRONG><a name="[40]"></a>SX1272Init</STRONG> (Thumb, 110 bytes, Stack size 16 bytes, sx1272.o(i.SX1272Init))
<BR><BR>[Stack]<UL><LI>Max Depth = 172<LI>Call Chain = SX1272Init &rArr; SX1272SetModem &rArr; SX1272SetOpMode &rArr; SX1272SetAntSwLowPower &rArr; SX1272AntSwInit &rArr; GpioInit &rArr; GpioMcuInit &rArr; GPIO_Init
</UL>
<BR>[Calls]<UL><LI><a href="#[4e]">&gt;&gt;</a>&nbsp;&nbsp;&nbsp;SX1272Write
<LI><a href="#[95]">&gt;&gt;</a>&nbsp;&nbsp;&nbsp;SX1272IoIrqInit
<LI><a href="#[92]">&gt;&gt;</a>&nbsp;&nbsp;&nbsp;TimerInit
<LI><a href="#[94]">&gt;&gt;</a>&nbsp;&nbsp;&nbsp;SX1272SetOpMode
<LI><a href="#[96]">&gt;&gt;</a>&nbsp;&nbsp;&nbsp;SX1272SetModem
<LI><a href="#[93]">&gt;&gt;</a>&nbsp;&nbsp;&nbsp;SX1272Reset
</UL>
<BR>[Address Reference Count : 1]<UL><LI> sx1272-board.o(.constdata)
</UL>
<P><STRONG><a name="[6f]"></a>SX1272IoInit</STRONG> (Thumb, 136 bytes, Stack size 16 bytes, sx1272-board.o(i.SX1272IoInit))
<BR><BR>[Stack]<UL><LI>Max Depth = 132<LI>Call Chain = SX1272IoInit &rArr; SX1272AntSwInit &rArr; GpioInit &rArr; GpioMcuInit &rArr; GPIO_Init
</UL>
<BR>[Calls]<UL><LI><a href="#[8d]">&gt;&gt;</a>&nbsp;&nbsp;&nbsp;SX1272AntSwInit
<LI><a href="#[72]">&gt;&gt;</a>&nbsp;&nbsp;&nbsp;GpioInit
</UL>
<BR>[Called By]<UL><LI><a href="#[6c]">&gt;&gt;</a>&nbsp;&nbsp;&nbsp;BoardInitMcu
</UL>

<P><STRONG><a name="[95]"></a>SX1272IoIrqInit</STRONG> (Thumb, 74 bytes, Stack size 8 bytes, sx1272-board.o(i.SX1272IoIrqInit))
<BR><BR>[Stack]<UL><LI>Max Depth = 80<LI>Call Chain = SX1272IoIrqInit &rArr; GpioSetInterrupt &rArr; GpioMcuSetInterrupt &rArr; NVIC_Init
</UL>
<BR>[Calls]<UL><LI><a href="#[86]">&gt;&gt;</a>&nbsp;&nbsp;&nbsp;GpioSetInterrupt
</UL>
<BR>[Called By]<UL><LI><a href="#[40]">&gt;&gt;</a>&nbsp;&nbsp;&nbsp;SX1272Init
</UL>

<P><STRONG><a name="[43]"></a>SX1272IsChannelFree</STRONG> (Thumb, 78 bytes, Stack size 32 bytes, sx1272.o(i.SX1272IsChannelFree))
<BR><BR>[Stack]<UL><LI>Max Depth = 188<LI>Call Chain = SX1272IsChannelFree &rArr; SX1272SetModem &rArr; SX1272SetOpMode &rArr; SX1272SetAntSwLowPower &rArr; SX1272AntSwInit &rArr; GpioInit &rArr; GpioMcuInit &rArr; GPIO_Init
</UL>
<BR>[Calls]<UL><LI><a href="#[4a]">&gt;&gt;</a>&nbsp;&nbsp;&nbsp;SX1272SetSleep
<LI><a href="#[42]">&gt;&gt;</a>&nbsp;&nbsp;&nbsp;SX1272SetChannel
<LI><a href="#[4d]">&gt;&gt;</a>&nbsp;&nbsp;&nbsp;SX1272ReadRssi
<LI><a href="#[97]">&gt;&gt;</a>&nbsp;&nbsp;&nbsp;__aeabi_cdcmple
<LI><a href="#[74]">&gt;&gt;</a>&nbsp;&nbsp;&nbsp;DelayMs
<LI><a href="#[65]">&gt;&gt;</a>&nbsp;&nbsp;&nbsp;__aeabi_i2d
<LI><a href="#[94]">&gt;&gt;</a>&nbsp;&nbsp;&nbsp;SX1272SetOpMode
<LI><a href="#[96]">&gt;&gt;</a>&nbsp;&nbsp;&nbsp;SX1272SetModem
</UL>
<BR>[Address Reference Count : 1]<UL><LI> sx1272-board.o(.constdata)
</UL>
<P><STRONG><a name="[52]"></a>SX1272OnDio0Irq</STRONG> (Thumb, 928 bytes, Stack size 48 bytes, sx1272.o(i.SX1272OnDio0Irq))
<BR><BR>[Stack]<UL><LI>Max Depth = 136<LI>Call Chain = SX1272OnDio0Irq &rArr; __aeabi_dadd &rArr; _double_epilogue &rArr; _double_round
</UL>
<BR>[Calls]<UL><LI><a href="#[4e]">&gt;&gt;</a>&nbsp;&nbsp;&nbsp;SX1272Write
<LI><a href="#[4f]">&gt;&gt;</a>&nbsp;&nbsp;&nbsp;SX1272Read
<LI><a href="#[66]">&gt;&gt;</a>&nbsp;&nbsp;&nbsp;__aeabi_ui2d
<LI><a href="#[97]">&gt;&gt;</a>&nbsp;&nbsp;&nbsp;__aeabi_cdcmple
<LI><a href="#[65]">&gt;&gt;</a>&nbsp;&nbsp;&nbsp;__aeabi_i2d
<LI><a href="#[5c]">&gt;&gt;</a>&nbsp;&nbsp;&nbsp;__aeabi_dadd
<LI><a href="#[99]">&gt;&gt;</a>&nbsp;&nbsp;&nbsp;TimerStop
<LI><a href="#[98]">&gt;&gt;</a>&nbsp;&nbsp;&nbsp;TimerStart
<LI><a href="#[9a]">&gt;&gt;</a>&nbsp;&nbsp;&nbsp;SX1272ReadFifo
</UL>
<BR>[Address Reference Count : 1]<UL><LI> sx1272.o(.data)
</UL>
<P><STRONG><a name="[53]"></a>SX1272OnDio1Irq</STRONG> (Thumb, 398 bytes, Stack size 8 bytes, sx1272.o(i.SX1272OnDio1Irq))
<BR><BR>[Stack]<UL><LI>Max Depth = 80<LI>Call Chain = SX1272OnDio1Irq &rArr; SX1272Read &rArr; SX1272ReadBuffer &rArr; GpioWrite &rArr; GpioMcuWrite
</UL>
<BR>[Calls]<UL><LI><a href="#[4f]">&gt;&gt;</a>&nbsp;&nbsp;&nbsp;SX1272Read
<LI><a href="#[99]">&gt;&gt;</a>&nbsp;&nbsp;&nbsp;TimerStop
<LI><a href="#[9b]">&gt;&gt;</a>&nbsp;&nbsp;&nbsp;SX1272WriteFifo
<LI><a href="#[9a]">&gt;&gt;</a>&nbsp;&nbsp;&nbsp;SX1272ReadFifo
</UL>
<BR>[Address Reference Count : 1]<UL><LI> sx1272.o(.data)
</UL>
<P><STRONG><a name="[54]"></a>SX1272OnDio2Irq</STRONG> (Thumb, 226 bytes, Stack size 40 bytes, sx1272.o(i.SX1272OnDio2Irq))
<BR><BR>[Stack]<UL><LI>Max Depth = 128<LI>Call Chain = SX1272OnDio2Irq &rArr; __aeabi_dmul &rArr; _double_epilogue &rArr; _double_round
</UL>
<BR>[Calls]<UL><LI><a href="#[4f]">&gt;&gt;</a>&nbsp;&nbsp;&nbsp;SX1272Read
<LI><a href="#[66]">&gt;&gt;</a>&nbsp;&nbsp;&nbsp;__aeabi_ui2d
<LI><a href="#[63]">&gt;&gt;</a>&nbsp;&nbsp;&nbsp;__aeabi_dmul
<LI><a href="#[64]">&gt;&gt;</a>&nbsp;&nbsp;&nbsp;__aeabi_ddiv
<LI><a href="#[65]">&gt;&gt;</a>&nbsp;&nbsp;&nbsp;__aeabi_i2d
<LI><a href="#[67]">&gt;&gt;</a>&nbsp;&nbsp;&nbsp;__aeabi_d2iz
<LI><a href="#[99]">&gt;&gt;</a>&nbsp;&nbsp;&nbsp;TimerStop
</UL>
<BR>[Address Reference Count : 1]<UL><LI> sx1272.o(.data)
</UL>
<P><STRONG><a name="[55]"></a>SX1272OnDio3Irq</STRONG> (Thumb, 24 bytes, Stack size 0 bytes, sx1272.o(i.SX1272OnDio3Irq))
<BR>[Address Reference Count : 1]<UL><LI> sx1272.o(.data)
</UL>
<P><STRONG><a name="[56]"></a>SX1272OnDio4Irq</STRONG> (Thumb, 40 bytes, Stack size 0 bytes, sx1272.o(i.SX1272OnDio4Irq))
<BR>[Address Reference Count : 1]<UL><LI> sx1272.o(.data)
</UL>
<P><STRONG><a name="[3a]"></a>SX1272OnTimeoutIrq</STRONG> (Thumb, 166 bytes, Stack size 16 bytes, sx1272.o(i.SX1272OnTimeoutIrq))
<BR><BR>[Stack]<UL><LI>Max Depth = 88<LI>Call Chain = SX1272OnTimeoutIrq &rArr; SX1272Write &rArr; SX1272WriteBuffer &rArr; GpioWrite &rArr; GpioMcuWrite
</UL>
<BR>[Calls]<UL><LI><a href="#[4e]">&gt;&gt;</a>&nbsp;&nbsp;&nbsp;SX1272Write
<LI><a href="#[4f]">&gt;&gt;</a>&nbsp;&nbsp;&nbsp;SX1272Read
<LI><a href="#[98]">&gt;&gt;</a>&nbsp;&nbsp;&nbsp;TimerStart
</UL>
<BR>[Address Reference Count : 1]<UL><LI> sx1272.o(i.SX1272Init)
</UL>
<P><STRONG><a name="[44]"></a>SX1272Random</STRONG> (Thumb, 64 bytes, Stack size 16 bytes, sx1272.o(i.SX1272Random))
<BR><BR>[Stack]<UL><LI>Max Depth = 172<LI>Call Chain = SX1272Random &rArr; SX1272SetModem &rArr; SX1272SetOpMode &rArr; SX1272SetAntSwLowPower &rArr; SX1272AntSwInit &rArr; GpioInit &rArr; GpioMcuInit &rArr; GPIO_Init
</UL>
<BR>[Calls]<UL><LI><a href="#[4e]">&gt;&gt;</a>&nbsp;&nbsp;&nbsp;SX1272Write
<LI><a href="#[4a]">&gt;&gt;</a>&nbsp;&nbsp;&nbsp;SX1272SetSleep
<LI><a href="#[4f]">&gt;&gt;</a>&nbsp;&nbsp;&nbsp;SX1272Read
<LI><a href="#[74]">&gt;&gt;</a>&nbsp;&nbsp;&nbsp;DelayMs
<LI><a href="#[94]">&gt;&gt;</a>&nbsp;&nbsp;&nbsp;SX1272SetOpMode
<LI><a href="#[96]">&gt;&gt;</a>&nbsp;&nbsp;&nbsp;SX1272SetModem
</UL>
<BR>[Address Reference Count : 1]<UL><LI> sx1272-board.o(.constdata)
</UL>
<P><STRONG><a name="[4f]"></a>SX1272Read</STRONG> (Thumb, 20 bytes, Stack size 16 bytes, sx1272.o(i.SX1272Read))
<BR><BR>[Stack]<UL><LI>Max Depth = 72<LI>Call Chain = SX1272Read &rArr; SX1272ReadBuffer &rArr; GpioWrite &rArr; GpioMcuWrite
</UL>
<BR>[Calls]<UL><LI><a href="#[51]">&gt;&gt;</a>&nbsp;&nbsp;&nbsp;SX1272ReadBuffer
</UL>
<BR>[Called By]<UL><LI><a href="#[46]">&gt;&gt;</a>&nbsp;&nbsp;&nbsp;SX1272SetTxConfig
<LI><a href="#[45]">&gt;&gt;</a>&nbsp;&nbsp;&nbsp;SX1272SetRxConfig
<LI><a href="#[4c]">&gt;&gt;</a>&nbsp;&nbsp;&nbsp;SX1272SetRx
<LI><a href="#[49]">&gt;&gt;</a>&nbsp;&nbsp;&nbsp;SX1272Send
<LI><a href="#[4d]">&gt;&gt;</a>&nbsp;&nbsp;&nbsp;SX1272ReadRssi
<LI><a href="#[44]">&gt;&gt;</a>&nbsp;&nbsp;&nbsp;SX1272Random
<LI><a href="#[48]">&gt;&gt;</a>&nbsp;&nbsp;&nbsp;SX1272GetTimeOnAir
<LI><a href="#[9d]">&gt;&gt;</a>&nbsp;&nbsp;&nbsp;SX1272SetTx
<LI><a href="#[94]">&gt;&gt;</a>&nbsp;&nbsp;&nbsp;SX1272SetOpMode
<LI><a href="#[96]">&gt;&gt;</a>&nbsp;&nbsp;&nbsp;SX1272SetModem
<LI><a href="#[3a]">&gt;&gt;</a>&nbsp;&nbsp;&nbsp;SX1272OnTimeoutIrq
<LI><a href="#[54]">&gt;&gt;</a>&nbsp;&nbsp;&nbsp;SX1272OnDio2Irq
<LI><a href="#[53]">&gt;&gt;</a>&nbsp;&nbsp;&nbsp;SX1272OnDio1Irq
<LI><a href="#[52]">&gt;&gt;</a>&nbsp;&nbsp;&nbsp;SX1272OnDio0Irq
</UL>
<BR>[Address Reference Count : 1]<UL><LI> sx1272-board.o(.constdata)
</UL>
<P><STRONG><a name="[51]"></a>SX1272ReadBuffer</STRONG> (Thumb, 66 bytes, Stack size 24 bytes, sx1272.o(i.SX1272ReadBuffer))
<BR><BR>[Stack]<UL><LI>Max Depth = 56<LI>Call Chain = SX1272ReadBuffer &rArr; GpioWrite &rArr; GpioMcuWrite
</UL>
<BR>[Calls]<UL><LI><a href="#[9c]">&gt;&gt;</a>&nbsp;&nbsp;&nbsp;SpiInOut
<LI><a href="#[73]">&gt;&gt;</a>&nbsp;&nbsp;&nbsp;GpioWrite
</UL>
<BR>[Called By]<UL><LI><a href="#[4f]">&gt;&gt;</a>&nbsp;&nbsp;&nbsp;SX1272Read
<LI><a href="#[9a]">&gt;&gt;</a>&nbsp;&nbsp;&nbsp;SX1272ReadFifo
</UL>
<BR>[Address Reference Count : 1]<UL><LI> sx1272-board.o(.constdata)
</UL>
<P><STRONG><a name="[9a]"></a>SX1272ReadFifo</STRONG> (Thumb, 18 bytes, Stack size 16 bytes, sx1272.o(i.SX1272ReadFifo))
<BR><BR>[Stack]<UL><LI>Max Depth = 72<LI>Call Chain = SX1272ReadFifo &rArr; SX1272ReadBuffer &rArr; GpioWrite &rArr; GpioMcuWrite
</UL>
<BR>[Calls]<UL><LI><a href="#[51]">&gt;&gt;</a>&nbsp;&nbsp;&nbsp;SX1272ReadBuffer
</UL>
<BR>[Called By]<UL><LI><a href="#[53]">&gt;&gt;</a>&nbsp;&nbsp;&nbsp;SX1272OnDio1Irq
<LI><a href="#[52]">&gt;&gt;</a>&nbsp;&nbsp;&nbsp;SX1272OnDio0Irq
</UL>

<P><STRONG><a name="[4d]"></a>SX1272ReadRssi</STRONG> (Thumb, 118 bytes, Stack size 32 bytes, sx1272.o(i.SX1272ReadRssi))
<BR><BR>[Stack]<UL><LI>Max Depth = 120<LI>Call Chain = SX1272ReadRssi &rArr; __aeabi_dadd &rArr; _double_epilogue &rArr; _double_round
</UL>
<BR>[Calls]<UL><LI><a href="#[4f]">&gt;&gt;</a>&nbsp;&nbsp;&nbsp;SX1272Read
<LI><a href="#[66]">&gt;&gt;</a>&nbsp;&nbsp;&nbsp;__aeabi_ui2d
<LI><a href="#[64]">&gt;&gt;</a>&nbsp;&nbsp;&nbsp;__aeabi_ddiv
<LI><a href="#[5c]">&gt;&gt;</a>&nbsp;&nbsp;&nbsp;__aeabi_dadd
</UL>
<BR>[Called By]<UL><LI><a href="#[43]">&gt;&gt;</a>&nbsp;&nbsp;&nbsp;SX1272IsChannelFree
</UL>
<BR>[Address Reference Count : 1]<UL><LI> sx1272-board.o(.constdata)
</UL>
<P><STRONG><a name="[93]"></a>SX1272Reset</STRONG> (Thumb, 56 bytes, Stack size 16 bytes, sx1272.o(i.SX1272Reset))
<BR><BR>[Stack]<UL><LI>Max Depth = 116<LI>Call Chain = SX1272Reset &rArr; GpioInit &rArr; GpioMcuInit &rArr; GPIO_Init
</UL>
<BR>[Calls]<UL><LI><a href="#[72]">&gt;&gt;</a>&nbsp;&nbsp;&nbsp;GpioInit
<LI><a href="#[74]">&gt;&gt;</a>&nbsp;&nbsp;&nbsp;DelayMs
</UL>
<BR>[Called By]<UL><LI><a href="#[40]">&gt;&gt;</a>&nbsp;&nbsp;&nbsp;SX1272Init
</UL>

<P><STRONG><a name="[49]"></a>SX1272Send</STRONG> (Thumb, 222 bytes, Stack size 24 bytes, sx1272.o(i.SX1272Send))
<BR><BR>[Stack]<UL><LI>Max Depth = 184<LI>Call Chain = SX1272Send &rArr; SX1272SetTx &rArr; TimerSetValue &rArr; TimerHwGetMinimumTimeout &rArr; ceil &rArr; __aeabi_drsub &rArr; __aeabi_dadd &rArr; _double_epilogue &rArr; _double_round
</UL>
<BR>[Calls]<UL><LI><a href="#[4e]">&gt;&gt;</a>&nbsp;&nbsp;&nbsp;SX1272Write
<LI><a href="#[4b]">&gt;&gt;</a>&nbsp;&nbsp;&nbsp;SX1272SetStby
<LI><a href="#[4f]">&gt;&gt;</a>&nbsp;&nbsp;&nbsp;SX1272Read
<LI><a href="#[74]">&gt;&gt;</a>&nbsp;&nbsp;&nbsp;DelayMs
<LI><a href="#[9b]">&gt;&gt;</a>&nbsp;&nbsp;&nbsp;SX1272WriteFifo
<LI><a href="#[9d]">&gt;&gt;</a>&nbsp;&nbsp;&nbsp;SX1272SetTx
</UL>
<BR>[Address Reference Count : 1]<UL><LI> sx1272-board.o(.constdata)
</UL>
<P><STRONG><a name="[9e]"></a>SX1272SetAntSw</STRONG> (Thumb, 46 bytes, Stack size 8 bytes, sx1272-board.o(i.SX1272SetAntSw))
<BR><BR>[Stack]<UL><LI>Max Depth = 40<LI>Call Chain = SX1272SetAntSw &rArr; GpioWrite &rArr; GpioMcuWrite
</UL>
<BR>[Calls]<UL><LI><a href="#[73]">&gt;&gt;</a>&nbsp;&nbsp;&nbsp;GpioWrite
</UL>
<BR>[Called By]<UL><LI><a href="#[94]">&gt;&gt;</a>&nbsp;&nbsp;&nbsp;SX1272SetOpMode
</UL>

<P><STRONG><a name="[9f]"></a>SX1272SetAntSwLowPower</STRONG> (Thumb, 30 bytes, Stack size 8 bytes, sx1272-board.o(i.SX1272SetAntSwLowPower))
<BR><BR>[Stack]<UL><LI>Max Depth = 124<LI>Call Chain = SX1272SetAntSwLowPower &rArr; SX1272AntSwInit &rArr; GpioInit &rArr; GpioMcuInit &rArr; GPIO_Init
</UL>
<BR>[Calls]<UL><LI><a href="#[8d]">&gt;&gt;</a>&nbsp;&nbsp;&nbsp;SX1272AntSwInit
<LI><a href="#[8c]">&gt;&gt;</a>&nbsp;&nbsp;&nbsp;SX1272AntSwDeInit
</UL>
<BR>[Called By]<UL><LI><a href="#[94]">&gt;&gt;</a>&nbsp;&nbsp;&nbsp;SX1272SetOpMode
</UL>

<P><STRONG><a name="[42]"></a>SX1272SetChannel</STRONG> (Thumb, 68 bytes, Stack size 24 bytes, sx1272.o(i.SX1272SetChannel))
<BR><BR>[Stack]<UL><LI>Max Depth = 96<LI>Call Chain = SX1272SetChannel &rArr; SX1272Write &rArr; SX1272WriteBuffer &rArr; GpioWrite &rArr; GpioMcuWrite
</UL>
<BR>[Calls]<UL><LI><a href="#[4e]">&gt;&gt;</a>&nbsp;&nbsp;&nbsp;SX1272Write
<LI><a href="#[66]">&gt;&gt;</a>&nbsp;&nbsp;&nbsp;__aeabi_ui2d
<LI><a href="#[64]">&gt;&gt;</a>&nbsp;&nbsp;&nbsp;__aeabi_ddiv
<LI><a href="#[69]">&gt;&gt;</a>&nbsp;&nbsp;&nbsp;__aeabi_d2uiz
</UL>
<BR>[Called By]<UL><LI><a href="#[43]">&gt;&gt;</a>&nbsp;&nbsp;&nbsp;SX1272IsChannelFree
</UL>
<BR>[Address Reference Count : 1]<UL><LI> sx1272-board.o(.constdata)
</UL>
<P><STRONG><a name="[96]"></a>SX1272SetModem</STRONG> (Thumb, 138 bytes, Stack size 16 bytes, sx1272.o(i.SX1272SetModem))
<BR><BR>[Stack]<UL><LI>Max Depth = 156<LI>Call Chain = SX1272SetModem &rArr; SX1272SetOpMode &rArr; SX1272SetAntSwLowPower &rArr; SX1272AntSwInit &rArr; GpioInit &rArr; GpioMcuInit &rArr; GPIO_Init
</UL>
<BR>[Calls]<UL><LI><a href="#[4e]">&gt;&gt;</a>&nbsp;&nbsp;&nbsp;SX1272Write
<LI><a href="#[4f]">&gt;&gt;</a>&nbsp;&nbsp;&nbsp;SX1272Read
<LI><a href="#[94]">&gt;&gt;</a>&nbsp;&nbsp;&nbsp;SX1272SetOpMode
</UL>
<BR>[Called By]<UL><LI><a href="#[46]">&gt;&gt;</a>&nbsp;&nbsp;&nbsp;SX1272SetTxConfig
<LI><a href="#[45]">&gt;&gt;</a>&nbsp;&nbsp;&nbsp;SX1272SetRxConfig
<LI><a href="#[44]">&gt;&gt;</a>&nbsp;&nbsp;&nbsp;SX1272Random
<LI><a href="#[43]">&gt;&gt;</a>&nbsp;&nbsp;&nbsp;SX1272IsChannelFree
<LI><a href="#[40]">&gt;&gt;</a>&nbsp;&nbsp;&nbsp;SX1272Init
</UL>

<P><STRONG><a name="[94]"></a>SX1272SetOpMode</STRONG> (Thumb, 74 bytes, Stack size 16 bytes, sx1272.o(i.SX1272SetOpMode))
<BR><BR>[Stack]<UL><LI>Max Depth = 140<LI>Call Chain = SX1272SetOpMode &rArr; SX1272SetAntSwLowPower &rArr; SX1272AntSwInit &rArr; GpioInit &rArr; GpioMcuInit &rArr; GPIO_Init
</UL>
<BR>[Calls]<UL><LI><a href="#[4e]">&gt;&gt;</a>&nbsp;&nbsp;&nbsp;SX1272Write
<LI><a href="#[4f]">&gt;&gt;</a>&nbsp;&nbsp;&nbsp;SX1272Read
<LI><a href="#[9f]">&gt;&gt;</a>&nbsp;&nbsp;&nbsp;SX1272SetAntSwLowPower
<LI><a href="#[9e]">&gt;&gt;</a>&nbsp;&nbsp;&nbsp;SX1272SetAntSw
</UL>
<BR>[Called By]<UL><LI><a href="#[4b]">&gt;&gt;</a>&nbsp;&nbsp;&nbsp;SX1272SetStby
<LI><a href="#[4a]">&gt;&gt;</a>&nbsp;&nbsp;&nbsp;SX1272SetSleep
<LI><a href="#[4c]">&gt;&gt;</a>&nbsp;&nbsp;&nbsp;SX1272SetRx
<LI><a href="#[44]">&gt;&gt;</a>&nbsp;&nbsp;&nbsp;SX1272Random
<LI><a href="#[43]">&gt;&gt;</a>&nbsp;&nbsp;&nbsp;SX1272IsChannelFree
<LI><a href="#[40]">&gt;&gt;</a>&nbsp;&nbsp;&nbsp;SX1272Init
<LI><a href="#[9d]">&gt;&gt;</a>&nbsp;&nbsp;&nbsp;SX1272SetTx
<LI><a href="#[96]">&gt;&gt;</a>&nbsp;&nbsp;&nbsp;SX1272SetModem
</UL>

<P><STRONG><a name="[4c]"></a>SX1272SetRx</STRONG> (Thumb, 390 bytes, Stack size 96 bytes, sx1272.o(i.SX1272SetRx))
<BR><BR>[Stack]<UL><LI>Max Depth = 240<LI>Call Chain = SX1272SetRx &rArr; TimerSetValue &rArr; TimerHwGetMinimumTimeout &rArr; ceil &rArr; __aeabi_drsub &rArr; __aeabi_dadd &rArr; _double_epilogue &rArr; _double_round
</UL>
<BR>[Calls]<UL><LI><a href="#[4e]">&gt;&gt;</a>&nbsp;&nbsp;&nbsp;SX1272Write
<LI><a href="#[4f]">&gt;&gt;</a>&nbsp;&nbsp;&nbsp;SX1272Read
<LI><a href="#[66]">&gt;&gt;</a>&nbsp;&nbsp;&nbsp;__aeabi_ui2d
<LI><a href="#[63]">&gt;&gt;</a>&nbsp;&nbsp;&nbsp;__aeabi_dmul
<LI><a href="#[64]">&gt;&gt;</a>&nbsp;&nbsp;&nbsp;__aeabi_ddiv
<LI><a href="#[69]">&gt;&gt;</a>&nbsp;&nbsp;&nbsp;__aeabi_d2uiz
<LI><a href="#[a0]">&gt;&gt;</a>&nbsp;&nbsp;&nbsp;__aeabi_memclr4
<LI><a href="#[65]">&gt;&gt;</a>&nbsp;&nbsp;&nbsp;__aeabi_i2d
<LI><a href="#[5c]">&gt;&gt;</a>&nbsp;&nbsp;&nbsp;__aeabi_dadd
<LI><a href="#[98]">&gt;&gt;</a>&nbsp;&nbsp;&nbsp;TimerStart
<LI><a href="#[a1]">&gt;&gt;</a>&nbsp;&nbsp;&nbsp;TimerSetValue
<LI><a href="#[94]">&gt;&gt;</a>&nbsp;&nbsp;&nbsp;SX1272SetOpMode
</UL>
<BR>[Address Reference Count : 1]<UL><LI> sx1272-board.o(.constdata)
</UL>
<P><STRONG><a name="[45]"></a>SX1272SetRxConfig</STRONG> (Thumb, 492 bytes, Stack size 72 bytes, sx1272.o(i.SX1272SetRxConfig))
<BR><BR>[Stack]<UL><LI>Max Depth = 228<LI>Call Chain = SX1272SetRxConfig &rArr; SX1272SetModem &rArr; SX1272SetOpMode &rArr; SX1272SetAntSwLowPower &rArr; SX1272AntSwInit &rArr; GpioInit &rArr; GpioMcuInit &rArr; GPIO_Init
</UL>
<BR>[Calls]<UL><LI><a href="#[4e]">&gt;&gt;</a>&nbsp;&nbsp;&nbsp;SX1272Write
<LI><a href="#[4f]">&gt;&gt;</a>&nbsp;&nbsp;&nbsp;SX1272Read
<LI><a href="#[66]">&gt;&gt;</a>&nbsp;&nbsp;&nbsp;__aeabi_ui2d
<LI><a href="#[64]">&gt;&gt;</a>&nbsp;&nbsp;&nbsp;__aeabi_ddiv
<LI><a href="#[69]">&gt;&gt;</a>&nbsp;&nbsp;&nbsp;__aeabi_d2uiz
<LI><a href="#[96]">&gt;&gt;</a>&nbsp;&nbsp;&nbsp;SX1272SetModem
<LI><a href="#[a2]">&gt;&gt;</a>&nbsp;&nbsp;&nbsp;GetFskBandwidthRegValue
</UL>
<BR>[Address Reference Count : 1]<UL><LI> sx1272-board.o(.constdata)
</UL>
<P><STRONG><a name="[4a]"></a>SX1272SetSleep</STRONG> (Thumb, 22 bytes, Stack size 8 bytes, sx1272.o(i.SX1272SetSleep))
<BR><BR>[Stack]<UL><LI>Max Depth = 148<LI>Call Chain = SX1272SetSleep &rArr; SX1272SetOpMode &rArr; SX1272SetAntSwLowPower &rArr; SX1272AntSwInit &rArr; GpioInit &rArr; GpioMcuInit &rArr; GPIO_Init
</UL>
<BR>[Calls]<UL><LI><a href="#[99]">&gt;&gt;</a>&nbsp;&nbsp;&nbsp;TimerStop
<LI><a href="#[94]">&gt;&gt;</a>&nbsp;&nbsp;&nbsp;SX1272SetOpMode
</UL>
<BR>[Called By]<UL><LI><a href="#[44]">&gt;&gt;</a>&nbsp;&nbsp;&nbsp;SX1272Random
<LI><a href="#[43]">&gt;&gt;</a>&nbsp;&nbsp;&nbsp;SX1272IsChannelFree
</UL>
<BR>[Address Reference Count : 1]<UL><LI> sx1272-board.o(.constdata)
</UL>
<P><STRONG><a name="[4b]"></a>SX1272SetStby</STRONG> (Thumb, 22 bytes, Stack size 8 bytes, sx1272.o(i.SX1272SetStby))
<BR><BR>[Stack]<UL><LI>Max Depth = 148<LI>Call Chain = SX1272SetStby &rArr; SX1272SetOpMode &rArr; SX1272SetAntSwLowPower &rArr; SX1272AntSwInit &rArr; GpioInit &rArr; GpioMcuInit &rArr; GPIO_Init
</UL>
<BR>[Calls]<UL><LI><a href="#[99]">&gt;&gt;</a>&nbsp;&nbsp;&nbsp;TimerStop
<LI><a href="#[94]">&gt;&gt;</a>&nbsp;&nbsp;&nbsp;SX1272SetOpMode
</UL>
<BR>[Called By]<UL><LI><a href="#[49]">&gt;&gt;</a>&nbsp;&nbsp;&nbsp;SX1272Send
</UL>
<BR>[Address Reference Count : 1]<UL><LI> sx1272-board.o(.constdata)
</UL>
<P><STRONG><a name="[9d]"></a>SX1272SetTx</STRONG> (Thumb, 136 bytes, Stack size 16 bytes, sx1272.o(i.SX1272SetTx))
<BR><BR>[Stack]<UL><LI>Max Depth = 160<LI>Call Chain = SX1272SetTx &rArr; TimerSetValue &rArr; TimerHwGetMinimumTimeout &rArr; ceil &rArr; __aeabi_drsub &rArr; __aeabi_dadd &rArr; _double_epilogue &rArr; _double_round
</UL>
<BR>[Calls]<UL><LI><a href="#[4e]">&gt;&gt;</a>&nbsp;&nbsp;&nbsp;SX1272Write
<LI><a href="#[4f]">&gt;&gt;</a>&nbsp;&nbsp;&nbsp;SX1272Read
<LI><a href="#[98]">&gt;&gt;</a>&nbsp;&nbsp;&nbsp;TimerStart
<LI><a href="#[a1]">&gt;&gt;</a>&nbsp;&nbsp;&nbsp;TimerSetValue
<LI><a href="#[94]">&gt;&gt;</a>&nbsp;&nbsp;&nbsp;SX1272SetOpMode
</UL>
<BR>[Called By]<UL><LI><a href="#[49]">&gt;&gt;</a>&nbsp;&nbsp;&nbsp;SX1272Send
</UL>

<P><STRONG><a name="[46]"></a>SX1272SetTxConfig</STRONG> (Thumb, 700 bytes, Stack size 72 bytes, sx1272.o(i.SX1272SetTxConfig))
<BR><BR>[Stack]<UL><LI>Max Depth = 228<LI>Call Chain = SX1272SetTxConfig &rArr; SX1272SetModem &rArr; SX1272SetOpMode &rArr; SX1272SetAntSwLowPower &rArr; SX1272AntSwInit &rArr; GpioInit &rArr; GpioMcuInit &rArr; GPIO_Init
</UL>
<BR>[Calls]<UL><LI><a href="#[4e]">&gt;&gt;</a>&nbsp;&nbsp;&nbsp;SX1272Write
<LI><a href="#[4f]">&gt;&gt;</a>&nbsp;&nbsp;&nbsp;SX1272Read
<LI><a href="#[a3]">&gt;&gt;</a>&nbsp;&nbsp;&nbsp;SX1272GetPaSelect
<LI><a href="#[66]">&gt;&gt;</a>&nbsp;&nbsp;&nbsp;__aeabi_ui2d
<LI><a href="#[64]">&gt;&gt;</a>&nbsp;&nbsp;&nbsp;__aeabi_ddiv
<LI><a href="#[69]">&gt;&gt;</a>&nbsp;&nbsp;&nbsp;__aeabi_d2uiz
<LI><a href="#[96]">&gt;&gt;</a>&nbsp;&nbsp;&nbsp;SX1272SetModem
</UL>
<BR>[Address Reference Count : 1]<UL><LI> sx1272-board.o(.constdata)
</UL>
<P><STRONG><a name="[4e]"></a>SX1272Write</STRONG> (Thumb, 16 bytes, Stack size 16 bytes, sx1272.o(i.SX1272Write))
<BR><BR>[Stack]<UL><LI>Max Depth = 72<LI>Call Chain = SX1272Write &rArr; SX1272WriteBuffer &rArr; GpioWrite &rArr; GpioMcuWrite
</UL>
<BR>[Calls]<UL><LI><a href="#[50]">&gt;&gt;</a>&nbsp;&nbsp;&nbsp;SX1272WriteBuffer
</UL>
<BR>[Called By]<UL><LI><a href="#[46]">&gt;&gt;</a>&nbsp;&nbsp;&nbsp;SX1272SetTxConfig
<LI><a href="#[45]">&gt;&gt;</a>&nbsp;&nbsp;&nbsp;SX1272SetRxConfig
<LI><a href="#[4c]">&gt;&gt;</a>&nbsp;&nbsp;&nbsp;SX1272SetRx
<LI><a href="#[42]">&gt;&gt;</a>&nbsp;&nbsp;&nbsp;SX1272SetChannel
<LI><a href="#[49]">&gt;&gt;</a>&nbsp;&nbsp;&nbsp;SX1272Send
<LI><a href="#[44]">&gt;&gt;</a>&nbsp;&nbsp;&nbsp;SX1272Random
<LI><a href="#[40]">&gt;&gt;</a>&nbsp;&nbsp;&nbsp;SX1272Init
<LI><a href="#[9d]">&gt;&gt;</a>&nbsp;&nbsp;&nbsp;SX1272SetTx
<LI><a href="#[94]">&gt;&gt;</a>&nbsp;&nbsp;&nbsp;SX1272SetOpMode
<LI><a href="#[96]">&gt;&gt;</a>&nbsp;&nbsp;&nbsp;SX1272SetModem
<LI><a href="#[3a]">&gt;&gt;</a>&nbsp;&nbsp;&nbsp;SX1272OnTimeoutIrq
<LI><a href="#[52]">&gt;&gt;</a>&nbsp;&nbsp;&nbsp;SX1272OnDio0Irq
</UL>
<BR>[Address Reference Count : 1]<UL><LI> sx1272-board.o(.constdata)
</UL>
<P><STRONG><a name="[50]"></a>SX1272WriteBuffer</STRONG> (Thumb, 64 bytes, Stack size 24 bytes, sx1272.o(i.SX1272WriteBuffer))
<BR><BR>[Stack]<UL><LI>Max Depth = 56<LI>Call Chain = SX1272WriteBuffer &rArr; GpioWrite &rArr; GpioMcuWrite
</UL>
<BR>[Calls]<UL><LI><a href="#[9c]">&gt;&gt;</a>&nbsp;&nbsp;&nbsp;SpiInOut
<LI><a href="#[73]">&gt;&gt;</a>&nbsp;&nbsp;&nbsp;GpioWrite
</UL>
<BR>[Called By]<UL><LI><a href="#[4e]">&gt;&gt;</a>&nbsp;&nbsp;&nbsp;SX1272Write
<LI><a href="#[9b]">&gt;&gt;</a>&nbsp;&nbsp;&nbsp;SX1272WriteFifo
</UL>
<BR>[Address Reference Count : 1]<UL><LI> sx1272-board.o(.constdata)
</UL>
<P><STRONG><a name="[9b]"></a>SX1272WriteFifo</STRONG> (Thumb, 18 bytes, Stack size 16 bytes, sx1272.o(i.SX1272WriteFifo))
<BR><BR>[Stack]<UL><LI>Max Depth = 72<LI>Call Chain = SX1272WriteFifo &rArr; SX1272WriteBuffer &rArr; GpioWrite &rArr; GpioMcuWrite
</UL>
<BR>[Calls]<UL><LI><a href="#[50]">&gt;&gt;</a>&nbsp;&nbsp;&nbsp;SX1272WriteBuffer
</UL>
<BR>[Called By]<UL><LI><a href="#[49]">&gt;&gt;</a>&nbsp;&nbsp;&nbsp;SX1272Send
<LI><a href="#[53]">&gt;&gt;</a>&nbsp;&nbsp;&nbsp;SX1272OnDio1Irq
</UL>

<P><STRONG><a name="[80]"></a>SYSCFG_EXTILineConfig</STRONG> (Thumb, 60 bytes, Stack size 12 bytes, stm32l1xx_syscfg.o(i.SYSCFG_EXTILineConfig))
<BR><BR>[Stack]<UL><LI>Max Depth = 12<LI>Call Chain = SYSCFG_EXTILineConfig
</UL>
<BR>[Called By]<UL><LI><a href="#[7e]">&gt;&gt;</a>&nbsp;&nbsp;&nbsp;GpioMcuSetInterrupt
</UL>

<P><STRONG><a name="[a4]"></a>SpiFormat</STRONG> (Thumb, 156 bytes, Stack size 24 bytes, spi-board.o(i.SpiFormat))
<BR><BR>[Stack]<UL><LI>Max Depth = 32<LI>Call Chain = SpiFormat &rArr; SPI_Init
</UL>
<BR>[Calls]<UL><LI><a href="#[a6]">&gt;&gt;</a>&nbsp;&nbsp;&nbsp;SPI_Init
<LI><a href="#[a5]">&gt;&gt;</a>&nbsp;&nbsp;&nbsp;SPI_Cmd
</UL>
<BR>[Called By]<UL><LI><a href="#[6e]">&gt;&gt;</a>&nbsp;&nbsp;&nbsp;SpiInit
</UL>

<P><STRONG><a name="[a7]"></a>SpiFrequency</STRONG> (Thumb, 112 bytes, Stack size 16 bytes, spi-board.o(i.SpiFrequency))
<BR><BR>[Stack]<UL><LI>Max Depth = 24<LI>Call Chain = SpiFrequency &rArr; SPI_Init
</UL>
<BR>[Calls]<UL><LI><a href="#[a6]">&gt;&gt;</a>&nbsp;&nbsp;&nbsp;SPI_Init
<LI><a href="#[a5]">&gt;&gt;</a>&nbsp;&nbsp;&nbsp;SPI_Cmd
</UL>
<BR>[Called By]<UL><LI><a href="#[6e]">&gt;&gt;</a>&nbsp;&nbsp;&nbsp;SpiInit
</UL>

<P><STRONG><a name="[9c]"></a>SpiInOut</STRONG> (Thumb, 60 bytes, Stack size 16 bytes, spi-board.o(i.SpiInOut))
<BR><BR>[Stack]<UL><LI>Max Depth = 16<LI>Call Chain = SpiInOut
</UL>
<BR>[Calls]<UL><LI><a href="#[a9]">&gt;&gt;</a>&nbsp;&nbsp;&nbsp;SPI_I2S_SendData
<LI><a href="#[aa]">&gt;&gt;</a>&nbsp;&nbsp;&nbsp;SPI_I2S_ReceiveData
<LI><a href="#[a8]">&gt;&gt;</a>&nbsp;&nbsp;&nbsp;SPI_I2S_GetFlagStatus
</UL>
<BR>[Called By]<UL><LI><a href="#[50]">&gt;&gt;</a>&nbsp;&nbsp;&nbsp;SX1272WriteBuffer
<LI><a href="#[51]">&gt;&gt;</a>&nbsp;&nbsp;&nbsp;SX1272ReadBuffer
</UL>

<P><STRONG><a name="[6e]"></a>SpiInit</STRONG> (Thumb, 240 bytes, Stack size 32 bytes, spi-board.o(i.SpiInit))
<BR><BR>[Stack]<UL><LI>Max Depth = 132<LI>Call Chain = SpiInit &rArr; GpioInit &rArr; GpioMcuInit &rArr; GPIO_Init
</UL>
<BR>[Calls]<UL><LI><a href="#[a5]">&gt;&gt;</a>&nbsp;&nbsp;&nbsp;SPI_Cmd
<LI><a href="#[ab]">&gt;&gt;</a>&nbsp;&nbsp;&nbsp;GPIO_PinAFConfig
<LI><a href="#[a7]">&gt;&gt;</a>&nbsp;&nbsp;&nbsp;SpiFrequency
<LI><a href="#[a4]">&gt;&gt;</a>&nbsp;&nbsp;&nbsp;SpiFormat
<LI><a href="#[ac]">&gt;&gt;</a>&nbsp;&nbsp;&nbsp;RCC_APB1PeriphClockCmd
<LI><a href="#[72]">&gt;&gt;</a>&nbsp;&nbsp;&nbsp;GpioInit
</UL>
<BR>[Called By]<UL><LI><a href="#[6c]">&gt;&gt;</a>&nbsp;&nbsp;&nbsp;BoardInitMcu
</UL>

<P><STRONG><a name="[38]"></a>SystemInit</STRONG> (Thumb, 88 bytes, Stack size 8 bytes, system_stm32l1xx.o(i.SystemInit))
<BR><BR>[Stack]<UL><LI>Max Depth = 20<LI>Call Chain = SystemInit &rArr; SetSysClock
</UL>
<BR>[Calls]<UL><LI><a href="#[ad]">&gt;&gt;</a>&nbsp;&nbsp;&nbsp;SetSysClock
</UL>
<BR>[Address Reference Count : 1]<UL><LI> startup_stm32l1xx_md.o(.text)
</UL>
<P><STRONG><a name="[26]"></a>TIM2_IRQHandler</STRONG> (Thumb, 50 bytes, Stack size 8 bytes, timer-board.o(i.TIM2_IRQHandler))
<BR><BR>[Stack]<UL><LI>Max Depth = 44<LI>Call Chain = TIM2_IRQHandler &rArr; TimerIrqHandler &rArr; TimerGetValue &rArr; TimerHwGetElapsedTime
</UL>
<BR>[Calls]<UL><LI><a href="#[ae]">&gt;&gt;</a>&nbsp;&nbsp;&nbsp;TIM_GetITStatus
<LI><a href="#[b0]">&gt;&gt;</a>&nbsp;&nbsp;&nbsp;TIM_ClearITPendingBit
<LI><a href="#[af]">&gt;&gt;</a>&nbsp;&nbsp;&nbsp;TimerIncrementTickCounter
<LI><a href="#[8a]">&gt;&gt;</a>&nbsp;&nbsp;&nbsp;TimerIrqHandler
</UL>
<BR>[Address Reference Count : 1]<UL><LI> startup_stm32l1xx_md.o(RESET)
</UL>
<P><STRONG><a name="[b0]"></a>TIM_ClearITPendingBit</STRONG> (Thumb, 6 bytes, Stack size 0 bytes, stm32l1xx_tim.o(i.TIM_ClearITPendingBit))
<BR><BR>[Called By]<UL><LI><a href="#[26]">&gt;&gt;</a>&nbsp;&nbsp;&nbsp;TIM2_IRQHandler
</UL>

<P><STRONG><a name="[b7]"></a>TIM_Cmd</STRONG> (Thumb, 24 bytes, Stack size 0 bytes, stm32l1xx_tim.o(i.TIM_Cmd))
<BR><BR>[Called By]<UL><LI><a href="#[70]">&gt;&gt;</a>&nbsp;&nbsp;&nbsp;TimerHwInit
</UL>

<P><STRONG><a name="[ae]"></a>TIM_GetITStatus</STRONG> (Thumb, 34 bytes, Stack size 12 bytes, stm32l1xx_tim.o(i.TIM_GetITStatus))
<BR><BR>[Stack]<UL><LI>Max Depth = 12<LI>Call Chain = TIM_GetITStatus
</UL>
<BR>[Called By]<UL><LI><a href="#[26]">&gt;&gt;</a>&nbsp;&nbsp;&nbsp;TIM2_IRQHandler
</UL>

<P><STRONG><a name="[b6]"></a>TIM_ITConfig</STRONG> (Thumb, 18 bytes, Stack size 0 bytes, stm32l1xx_tim.o(i.TIM_ITConfig))
<BR><BR>[Called By]<UL><LI><a href="#[70]">&gt;&gt;</a>&nbsp;&nbsp;&nbsp;TimerHwInit
</UL>

<P><STRONG><a name="[b5]"></a>TIM_TimeBaseInit</STRONG> (Thumb, 76 bytes, Stack size 0 bytes, stm32l1xx_tim.o(i.TIM_TimeBaseInit))
<BR><BR>[Called By]<UL><LI><a href="#[70]">&gt;&gt;</a>&nbsp;&nbsp;&nbsp;TimerHwInit
</UL>

<P><STRONG><a name="[b1]"></a>TimerGetValue</STRONG> (Thumb, 14 bytes, Stack size 8 bytes, timer.o(i.TimerGetValue))
<BR><BR>[Stack]<UL><LI>Max Depth = 20<LI>Call Chain = TimerGetValue &rArr; TimerHwGetElapsedTime
</UL>
<BR>[Calls]<UL><LI><a href="#[b2]">&gt;&gt;</a>&nbsp;&nbsp;&nbsp;TimerHwGetElapsedTime
</UL>
<BR>[Called By]<UL><LI><a href="#[8a]">&gt;&gt;</a>&nbsp;&nbsp;&nbsp;TimerIrqHandler
<LI><a href="#[99]">&gt;&gt;</a>&nbsp;&nbsp;&nbsp;TimerStop
<LI><a href="#[98]">&gt;&gt;</a>&nbsp;&nbsp;&nbsp;TimerStart
</UL>

<P><STRONG><a name="[75]"></a>TimerHwDelayMs</STRONG> (Thumb, 68 bytes, Stack size 28 bytes, timer-board.o(i.TimerHwDelayMs))
<BR><BR>[Stack]<UL><LI>Max Depth = 28<LI>Call Chain = TimerHwDelayMs
</UL>
<BR>[Calls]<UL><LI><a href="#[b3]">&gt;&gt;</a>&nbsp;&nbsp;&nbsp;TimerHwGetTimerValue
</UL>
<BR>[Called By]<UL><LI><a href="#[74]">&gt;&gt;</a>&nbsp;&nbsp;&nbsp;DelayMs
</UL>

<P><STRONG><a name="[bc]"></a>TimerHwEnterLowPowerStopMode</STRONG> (Thumb, 2 bytes, Stack size 0 bytes, timer-board.o(i.TimerHwEnterLowPowerStopMode))
<BR><BR>[Called By]<UL><LI><a href="#[bb]">&gt;&gt;</a>&nbsp;&nbsp;&nbsp;TimerLowPowerHandler
</UL>

<P><STRONG><a name="[b2]"></a>TimerHwGetElapsedTime</STRONG> (Thumb, 42 bytes, Stack size 12 bytes, timer-board.o(i.TimerHwGetElapsedTime))
<BR><BR>[Stack]<UL><LI>Max Depth = 12<LI>Call Chain = TimerHwGetElapsedTime
</UL>
<BR>[Calls]<UL><LI><a href="#[b3]">&gt;&gt;</a>&nbsp;&nbsp;&nbsp;TimerHwGetTimerValue
</UL>
<BR>[Called By]<UL><LI><a href="#[b1]">&gt;&gt;</a>&nbsp;&nbsp;&nbsp;TimerGetValue
</UL>

<P><STRONG><a name="[b4]"></a>TimerHwGetMinimumTimeout</STRONG> (Thumb, 18 bytes, Stack size 16 bytes, timer-board.o(i.TimerHwGetMinimumTimeout))
<BR><BR>[Stack]<UL><LI>Max Depth = 128<LI>Call Chain = TimerHwGetMinimumTimeout &rArr; ceil &rArr; __aeabi_drsub &rArr; __aeabi_dadd &rArr; _double_epilogue &rArr; _double_round
</UL>
<BR>[Calls]<UL><LI><a href="#[69]">&gt;&gt;</a>&nbsp;&nbsp;&nbsp;__aeabi_d2uiz
<LI><a href="#[8f]">&gt;&gt;</a>&nbsp;&nbsp;&nbsp;ceil
</UL>
<BR>[Called By]<UL><LI><a href="#[a1]">&gt;&gt;</a>&nbsp;&nbsp;&nbsp;TimerSetValue
</UL>

<P><STRONG><a name="[b3]"></a>TimerHwGetTimerValue</STRONG> (Thumb, 18 bytes, Stack size 0 bytes, timer-board.o(i.TimerHwGetTimerValue))
<BR><BR>[Called By]<UL><LI><a href="#[b8]">&gt;&gt;</a>&nbsp;&nbsp;&nbsp;TimerHwStart
<LI><a href="#[b2]">&gt;&gt;</a>&nbsp;&nbsp;&nbsp;TimerHwGetElapsedTime
<LI><a href="#[75]">&gt;&gt;</a>&nbsp;&nbsp;&nbsp;TimerHwDelayMs
</UL>

<P><STRONG><a name="[70]"></a>TimerHwInit</STRONG> (Thumb, 96 bytes, Stack size 24 bytes, timer-board.o(i.TimerHwInit))
<BR><BR>[Stack]<UL><LI>Max Depth = 40<LI>Call Chain = TimerHwInit &rArr; NVIC_Init
</UL>
<BR>[Calls]<UL><LI><a href="#[b5]">&gt;&gt;</a>&nbsp;&nbsp;&nbsp;TIM_TimeBaseInit
<LI><a href="#[b6]">&gt;&gt;</a>&nbsp;&nbsp;&nbsp;TIM_ITConfig
<LI><a href="#[b7]">&gt;&gt;</a>&nbsp;&nbsp;&nbsp;TIM_Cmd
<LI><a href="#[ac]">&gt;&gt;</a>&nbsp;&nbsp;&nbsp;RCC_APB1PeriphClockCmd
<LI><a href="#[82]">&gt;&gt;</a>&nbsp;&nbsp;&nbsp;NVIC_Init
</UL>
<BR>[Called By]<UL><LI><a href="#[6c]">&gt;&gt;</a>&nbsp;&nbsp;&nbsp;BoardInitMcu
</UL>

<P><STRONG><a name="[b8]"></a>TimerHwStart</STRONG> (Thumb, 62 bytes, Stack size 8 bytes, timer-board.o(i.TimerHwStart))
<BR><BR>[Stack]<UL><LI>Max Depth = 8<LI>Call Chain = TimerHwStart
</UL>
<BR>[Calls]<UL><LI><a href="#[b3]">&gt;&gt;</a>&nbsp;&nbsp;&nbsp;TimerHwGetTimerValue
</UL>
<BR>[Called By]<UL><LI><a href="#[ba]">&gt;&gt;</a>&nbsp;&nbsp;&nbsp;TimerSetTimeout
</UL>

<P><STRONG><a name="[af]"></a>TimerIncrementTickCounter</STRONG> (Thumb, 24 bytes, Stack size 0 bytes, timer-board.o(i.TimerIncrementTickCounter))
<BR><BR>[Called By]<UL><LI><a href="#[26]">&gt;&gt;</a>&nbsp;&nbsp;&nbsp;TIM2_IRQHandler
</UL>

<P><STRONG><a name="[92]"></a>TimerInit</STRONG> (Thumb, 14 bytes, Stack size 0 bytes, timer.o(i.TimerInit))
<BR><BR>[Called By]<UL><LI><a href="#[40]">&gt;&gt;</a>&nbsp;&nbsp;&nbsp;SX1272Init
</UL>

<P><STRONG><a name="[8a]"></a>TimerIrqHandler</STRONG> (Thumb, 138 bytes, Stack size 16 bytes, timer.o(i.TimerIrqHandler))
<BR><BR>[Stack]<UL><LI>Max Depth = 36<LI>Call Chain = TimerIrqHandler &rArr; TimerGetValue &rArr; TimerHwGetElapsedTime
</UL>
<BR>[Calls]<UL><LI><a href="#[b1]">&gt;&gt;</a>&nbsp;&nbsp;&nbsp;TimerGetValue
<LI><a href="#[ba]">&gt;&gt;</a>&nbsp;&nbsp;&nbsp;TimerSetTimeout
</UL>
<BR>[Called By]<UL><LI><a href="#[26]">&gt;&gt;</a>&nbsp;&nbsp;&nbsp;TIM2_IRQHandler
<LI><a href="#[33]">&gt;&gt;</a>&nbsp;&nbsp;&nbsp;RTC_Alarm_IRQHandler
</UL>

<P><STRONG><a name="[bb]"></a>TimerLowPowerHandler</STRONG> (Thumb, 50 bytes, Stack size 8 bytes, timer.o(i.TimerLowPowerHandler))
<BR><BR>[Stack]<UL><LI>Max Depth = 8<LI>Call Chain = TimerLowPowerHandler
</UL>
<BR>[Calls]<UL><LI><a href="#[bc]">&gt;&gt;</a>&nbsp;&nbsp;&nbsp;TimerHwEnterLowPowerStopMode
</UL>
<BR>[Called By]<UL><LI><a href="#[37]">&gt;&gt;</a>&nbsp;&nbsp;&nbsp;main
</UL>

<P><STRONG><a name="[a1]"></a>TimerSetValue</STRONG> (Thumb, 32 bytes, Stack size 16 bytes, timer.o(i.TimerSetValue))
<BR><BR>[Stack]<UL><LI>Max Depth = 144<LI>Call Chain = TimerSetValue &rArr; TimerHwGetMinimumTimeout &rArr; ceil &rArr; __aeabi_drsub &rArr; __aeabi_dadd &rArr; _double_epilogue &rArr; _double_round
</UL>
<BR>[Calls]<UL><LI><a href="#[b4]">&gt;&gt;</a>&nbsp;&nbsp;&nbsp;TimerHwGetMinimumTimeout
<LI><a href="#[99]">&gt;&gt;</a>&nbsp;&nbsp;&nbsp;TimerStop
</UL>
<BR>[Called By]<UL><LI><a href="#[4c]">&gt;&gt;</a>&nbsp;&nbsp;&nbsp;SX1272SetRx
<LI><a href="#[9d]">&gt;&gt;</a>&nbsp;&nbsp;&nbsp;SX1272SetTx
</UL>

<P><STRONG><a name="[98]"></a>TimerStart</STRONG> (Thumb, 126 bytes, Stack size 16 bytes, timer.o(i.TimerStart))
<BR><BR>[Stack]<UL><LI>Max Depth = 48<LI>Call Chain = TimerStart &rArr; TimerInsertNewHeadTimer &rArr; TimerSetTimeout &rArr; TimerHwStart
</UL>
<BR>[Calls]<UL><LI><a href="#[b1]">&gt;&gt;</a>&nbsp;&nbsp;&nbsp;TimerGetValue
<LI><a href="#[be]">&gt;&gt;</a>&nbsp;&nbsp;&nbsp;TimerInsertTimer
<LI><a href="#[b9]">&gt;&gt;</a>&nbsp;&nbsp;&nbsp;TimerInsertNewHeadTimer
<LI><a href="#[bd]">&gt;&gt;</a>&nbsp;&nbsp;&nbsp;TimerExists
</UL>
<BR>[Called By]<UL><LI><a href="#[4c]">&gt;&gt;</a>&nbsp;&nbsp;&nbsp;SX1272SetRx
<LI><a href="#[9d]">&gt;&gt;</a>&nbsp;&nbsp;&nbsp;SX1272SetTx
<LI><a href="#[3a]">&gt;&gt;</a>&nbsp;&nbsp;&nbsp;SX1272OnTimeoutIrq
<LI><a href="#[52]">&gt;&gt;</a>&nbsp;&nbsp;&nbsp;SX1272OnDio0Irq
</UL>

<P><STRONG><a name="[99]"></a>TimerStop</STRONG> (Thumb, 224 bytes, Stack size 24 bytes, timer.o(i.TimerStop))
<BR><BR>[Stack]<UL><LI>Max Depth = 44<LI>Call Chain = TimerStop &rArr; TimerGetValue &rArr; TimerHwGetElapsedTime
</UL>
<BR>[Calls]<UL><LI><a href="#[b1]">&gt;&gt;</a>&nbsp;&nbsp;&nbsp;TimerGetValue
<LI><a href="#[ba]">&gt;&gt;</a>&nbsp;&nbsp;&nbsp;TimerSetTimeout
</UL>
<BR>[Called By]<UL><LI><a href="#[4b]">&gt;&gt;</a>&nbsp;&nbsp;&nbsp;SX1272SetStby
<LI><a href="#[4a]">&gt;&gt;</a>&nbsp;&nbsp;&nbsp;SX1272SetSleep
<LI><a href="#[a1]">&gt;&gt;</a>&nbsp;&nbsp;&nbsp;TimerSetValue
<LI><a href="#[54]">&gt;&gt;</a>&nbsp;&nbsp;&nbsp;SX1272OnDio2Irq
<LI><a href="#[53]">&gt;&gt;</a>&nbsp;&nbsp;&nbsp;SX1272OnDio1Irq
<LI><a href="#[52]">&gt;&gt;</a>&nbsp;&nbsp;&nbsp;SX1272OnDio0Irq
</UL>

<P><STRONG><a name="[5]"></a>UsageFault_Handler</STRONG> (Thumb, 4 bytes, Stack size 0 bytes, sysirqhandlers.o(i.UsageFault_Handler))
<BR>[Address Reference Count : 1]<UL><LI> startup_stm32l1xx_md.o(RESET)
</UL>
<P><STRONG><a name="[d1]"></a>__scatterload_copy</STRONG> (Thumb, 14 bytes, Stack size unknown bytes, handlers.o(i.__scatterload_copy), UNUSED)

<P><STRONG><a name="[d2]"></a>__scatterload_null</STRONG> (Thumb, 2 bytes, Stack size unknown bytes, handlers.o(i.__scatterload_null), UNUSED)

<P><STRONG><a name="[d3]"></a>__scatterload_zeroinit</STRONG> (Thumb, 14 bytes, Stack size unknown bytes, handlers.o(i.__scatterload_zeroinit), UNUSED)

<P><STRONG><a name="[8f]"></a>ceil</STRONG> (Thumb, 204 bytes, Stack size 24 bytes, ceil.o(i.ceil))
<BR><BR>[Stack]<UL><LI>Max Depth = 112<LI>Call Chain = ceil &rArr; __aeabi_drsub &rArr; __aeabi_dadd &rArr; _double_epilogue &rArr; _double_round
</UL>
<BR>[Calls]<UL><LI><a href="#[62]">&gt;&gt;</a>&nbsp;&nbsp;&nbsp;__aeabi_drsub
<LI><a href="#[5c]">&gt;&gt;</a>&nbsp;&nbsp;&nbsp;__aeabi_dadd
<LI><a href="#[90]">&gt;&gt;</a>&nbsp;&nbsp;&nbsp;__aeabi_cdrcmple
</UL>
<BR>[Called By]<UL><LI><a href="#[b4]">&gt;&gt;</a>&nbsp;&nbsp;&nbsp;TimerHwGetMinimumTimeout
<LI><a href="#[48]">&gt;&gt;</a>&nbsp;&nbsp;&nbsp;SX1272GetTimeOnAir
</UL>

<P><STRONG><a name="[91]"></a>floor</STRONG> (Thumb, 204 bytes, Stack size 24 bytes, floor.o(i.floor))
<BR><BR>[Stack]<UL><LI>Max Depth = 112<LI>Call Chain = floor &rArr; __aeabi_drsub &rArr; __aeabi_dadd &rArr; _double_epilogue &rArr; _double_round
</UL>
<BR>[Calls]<UL><LI><a href="#[62]">&gt;&gt;</a>&nbsp;&nbsp;&nbsp;__aeabi_drsub
<LI><a href="#[5c]">&gt;&gt;</a>&nbsp;&nbsp;&nbsp;__aeabi_dadd
<LI><a href="#[90]">&gt;&gt;</a>&nbsp;&nbsp;&nbsp;__aeabi_cdrcmple
</UL>
<BR>[Called By]<UL><LI><a href="#[48]">&gt;&gt;</a>&nbsp;&nbsp;&nbsp;SX1272GetTimeOnAir
</UL>

<P><STRONG><a name="[37]"></a>main</STRONG> (Thumb, 542 bytes, Stack size 32 bytes, main.o(i.main))
<BR><BR>[Stack]<UL><LI>Max Depth = 172<LI>Call Chain = main &rArr; BoardInitMcu &rArr; SpiInit &rArr; GpioInit &rArr; GpioMcuInit &rArr; GPIO_Init
</UL>
<BR>[Calls]<UL><LI><a href="#[bb]">&gt;&gt;</a>&nbsp;&nbsp;&nbsp;TimerLowPowerHandler
<LI><a href="#[73]">&gt;&gt;</a>&nbsp;&nbsp;&nbsp;GpioWrite
<LI><a href="#[85]">&gt;&gt;</a>&nbsp;&nbsp;&nbsp;GpioRead
<LI><a href="#[74]">&gt;&gt;</a>&nbsp;&nbsp;&nbsp;DelayMs
<LI><a href="#[71]">&gt;&gt;</a>&nbsp;&nbsp;&nbsp;BoardInitPeriph
<LI><a href="#[6c]">&gt;&gt;</a>&nbsp;&nbsp;&nbsp;BoardInitMcu
<LI><a href="#[bf]">&gt;&gt;</a>&nbsp;&nbsp;&nbsp;strncmp
</UL>
<BR>[Address Reference Count : 1]<UL><LI> entry9a.o(.ARM.Collect$$$$0000000B)
</UL>
<P><STRONG><a name="[8e]"></a>round</STRONG> (Thumb, 136 bytes, Stack size 32 bytes, round.o(i.round))
<BR><BR>[Stack]<UL><LI>Max Depth = 120<LI>Call Chain = round &rArr; __aeabi_dsub &rArr; __aeabi_dadd &rArr; _double_epilogue &rArr; _double_round
</UL>
<BR>[Calls]<UL><LI><a href="#[97]">&gt;&gt;</a>&nbsp;&nbsp;&nbsp;__aeabi_cdcmple
<LI><a href="#[6a]">&gt;&gt;</a>&nbsp;&nbsp;&nbsp;_drnd
<LI><a href="#[61]">&gt;&gt;</a>&nbsp;&nbsp;&nbsp;__aeabi_dsub
<LI><a href="#[62]">&gt;&gt;</a>&nbsp;&nbsp;&nbsp;__aeabi_drsub
<LI><a href="#[5c]">&gt;&gt;</a>&nbsp;&nbsp;&nbsp;__aeabi_dadd
<LI><a href="#[90]">&gt;&gt;</a>&nbsp;&nbsp;&nbsp;__aeabi_cdrcmple
</UL>
<BR>[Called By]<UL><LI><a href="#[48]">&gt;&gt;</a>&nbsp;&nbsp;&nbsp;SX1272GetTimeOnAir
</UL>
<P>
<H3>
Local Symbols
</H3>
<P><STRONG><a name="[ad]"></a>SetSysClock</STRONG> (Thumb, 258 bytes, Stack size 12 bytes, system_stm32l1xx.o(i.SetSysClock))
<BR><BR>[Stack]<UL><LI>Max Depth = 12<LI>Call Chain = SetSysClock
</UL>
<BR>[Called By]<UL><LI><a href="#[38]">&gt;&gt;</a>&nbsp;&nbsp;&nbsp;SystemInit
</UL>

<P><STRONG><a name="[a2]"></a>GetFskBandwidthRegValue</STRONG> (Thumb, 50 bytes, Stack size 0 bytes, sx1272.o(i.GetFskBandwidthRegValue))
<BR><BR>[Called By]<UL><LI><a href="#[45]">&gt;&gt;</a>&nbsp;&nbsp;&nbsp;SX1272SetRxConfig
</UL>

<P><STRONG><a name="[bd]"></a>TimerExists</STRONG> (Thumb, 26 bytes, Stack size 0 bytes, timer.o(i.TimerExists))
<BR><BR>[Called By]<UL><LI><a href="#[98]">&gt;&gt;</a>&nbsp;&nbsp;&nbsp;TimerStart
</UL>

<P><STRONG><a name="[b9]"></a>TimerInsertNewHeadTimer</STRONG> (Thumb, 40 bytes, Stack size 16 bytes, timer.o(i.TimerInsertNewHeadTimer))
<BR><BR>[Stack]<UL><LI>Max Depth = 32<LI>Call Chain = TimerInsertNewHeadTimer &rArr; TimerSetTimeout &rArr; TimerHwStart
</UL>
<BR>[Calls]<UL><LI><a href="#[ba]">&gt;&gt;</a>&nbsp;&nbsp;&nbsp;TimerSetTimeout
</UL>
<BR>[Called By]<UL><LI><a href="#[98]">&gt;&gt;</a>&nbsp;&nbsp;&nbsp;TimerStart
</UL>

<P><STRONG><a name="[be]"></a>TimerInsertTimer</STRONG> (Thumb, 104 bytes, Stack size 20 bytes, timer.o(i.TimerInsertTimer))
<BR><BR>[Stack]<UL><LI>Max Depth = 20<LI>Call Chain = TimerInsertTimer
</UL>
<BR>[Called By]<UL><LI><a href="#[98]">&gt;&gt;</a>&nbsp;&nbsp;&nbsp;TimerStart
</UL>

<P><STRONG><a name="[ba]"></a>TimerSetTimeout</STRONG> (Thumb, 18 bytes, Stack size 8 bytes, timer.o(i.TimerSetTimeout))
<BR><BR>[Stack]<UL><LI>Max Depth = 16<LI>Call Chain = TimerSetTimeout &rArr; TimerHwStart
</UL>
<BR>[Calls]<UL><LI><a href="#[b8]">&gt;&gt;</a>&nbsp;&nbsp;&nbsp;TimerHwStart
</UL>
<BR>[Called By]<UL><LI><a href="#[8a]">&gt;&gt;</a>&nbsp;&nbsp;&nbsp;TimerIrqHandler
<LI><a href="#[b9]">&gt;&gt;</a>&nbsp;&nbsp;&nbsp;TimerInsertNewHeadTimer
<LI><a href="#[99]">&gt;&gt;</a>&nbsp;&nbsp;&nbsp;TimerStop
</UL>
<P>
<H3>
Undefined Global Symbols
</H3><HR></body></html>
