<html>
<body>
<pre>
<h1>µVision Build Log</h1>
<h2>Tool Versions:</h2>
IDE-Version: µVision V5.14.0.0
Copyright (C) 2015 ARM Ltd and ARM Germany GmbH. All rights reserved.
License Information: q q, q, LIC=0VRKP-M9HFG-356TX-HS69S-1RV7J-IEX6J
 
Tool Versions:
Toolchain:       MDK-ARM Professional  Version: 5.14.0.0
Toolchain Path:  C:\Keil51\ARM\ARMCC\Bin
C Compiler:      Armcc.exe V5.05 update 1 (build 106)
Assembler:       Armasm.exe V5.05 update 1 (build 106)
Linker/Locator:  ArmLink.exe V5.05 update 1 (build 106)
Library Manager: ArmAr.exe V5.05 update 1 (build 106)
Hex Converter:   FromElf.exe V5.05 update 1 (build 106)
CPU DLL:         SARMCM3.DLL V5.14.0.0
Dialog DLL:      DCM.DLL V1.13.1.0
Target DLL:      STLink\ST-LINKIII-KEIL_SWO.dll V2.0.14.0_KEIL
Dialog DLL:      TCM.DLL V1.14.4.0
 
<h2>Project:</h2>
C:\Users\mp\Documents\GitHub\XRange\LoRaMac\Keil\XRange\ping-pong\Ping-Pong.uvprojx
Project File Date:  04/11/2015

<h2>Output:</h2>
Build target 'Ping-Pong-868-lora'
compiling main.c...
compiling board.c...
compiling gpio-board.c...
compiling rtc-board.c...
compiling spi-board.c...
compiling sx1272-board.c...
compiling timer-board.c...
assembling startup_stm32l1xx_md.s...
compiling system_stm32l1xx.c...
compiling misc.c...
compiling stm32l1xx_adc.c...
compiling stm32l1xx_dbgmcu.c...
compiling stm32l1xx_dma.c...
compiling stm32l1xx_exti.c...
compiling stm32l1xx_gpio.c...
compiling stm32l1xx_i2c.c...
compiling stm32l1xx_pwr.c...
compiling stm32l1xx_rcc.c...
compiling stm32l1xx_rtc.c...
compiling stm32l1xx_spi.c...
compiling stm32l1xx_syscfg.c...
compiling stm32l1xx_tim.c...
compiling stm32l1xx_usart.c...
compiling sysIrqHandlers.c...
compiling utilities.c...
compiling sx1272.c...
compiling delay.c...
compiling fifo.c...
compiling gpio.c...
compiling timer.c...
linking...
Program Size: Code=13832 RO-data=624 RW-data=128 ZI-data=1784  
FromELF: creating hex file...
".\obj\Ping-Pong.axf" - 0 Error(s), 0 Warning(s).

<h2>Collection of Component include folders:</h2>
  C:\Users\mp\Documents\GitHub\XRange\LoRaMac\Keil\XRange\ping-pong\RTE
  C:\Keil51\ARM\PACK\Keil\STM32L1xx_DFP\1.0.2\Device\Include

<h2>Collection of Component Files used:</h2>
</pre>
</body>
</html>
